Time.h:24:17:virtual int std_msgs::Time::serialize(unsigned char*) const	0	static
Time.h:40:17:virtual int std_msgs::Time::deserialize(unsigned char*)	0	static
Time.h:56:18:virtual const char* std_msgs::Time::getType()	0	static
Time.h:57:18:virtual const char* std_msgs::Time::getMD5()	0	static
TopicInfo.h:124:18:virtual const char* rosserial_msgs::TopicInfo::getType()	0	static
TopicInfo.h:125:18:virtual const char* rosserial_msgs::TopicInfo::getMD5()	0	static
Log.h:61:18:virtual const char* rosserial_msgs::Log::getType()	0	static
Log.h:62:18:virtual const char* rosserial_msgs::Log::getMD5()	0	static
RequestParam.h:200:18:virtual const char* rosserial_msgs::RequestParamResponse::getType()	0	static
RequestParam.h:201:18:virtual const char* rosserial_msgs::RequestParamResponse::getMD5()	0	static
String.h:49:18:virtual const char* std_msgs::String::getType()	0	static
String.h:50:18:virtual const char* std_msgs::String::getMD5()	0	static
UInt16.h:23:17:virtual int std_msgs::UInt16::serialize(unsigned char*) const	0	static
UInt16.h:32:17:virtual int std_msgs::UInt16::deserialize(unsigned char*)	0	static
UInt16.h:41:18:virtual const char* std_msgs::UInt16::getType()	0	static
UInt16.h:42:18:virtual const char* std_msgs::UInt16::getMD5()	0	static
subscriber.h:114:16:void ros::Subscriber<MsgT, void>::callback(unsigned char*) [with MsgT = std_msgs::UInt16]	16	static
subscriber.h:128:15:int ros::Subscriber<MsgT, void>::getEndpointType() [with MsgT = std_msgs::UInt16]	0	static
subscriber.h:120:24:const char* ros::Subscriber<MsgT, void>::getMsgType() [with MsgT = std_msgs::UInt16]	0	static
subscriber.h:124:24:const char* ros::Subscriber<MsgT, void>::getMsgMD5() [with MsgT = std_msgs::UInt16]	0	static
node_handle.h:363:16:bool ros::NodeHandle_<Hardware, MAX_SUBSCRIBERS, MAX_PUBLISHERS, INPUT_SIZE, OUTPUT_SIZE>::connected() [with Hardware = STM32Hardware; int MAX_SUBSCRIBERS = 25; int MAX_PUBLISHERS = 25; int INPUT_SIZE = 2048; int OUTPUT_SIZE = 2048]	0	static
main.cpp:81:6:void led_cb(const std_msgs::UInt16&)	0	static
node_handle.h:511:15:int ros::NodeHandle_<Hardware, MAX_SUBSCRIBERS, MAX_PUBLISHERS, INPUT_SIZE, OUTPUT_SIZE>::publish(int, const ros::Msg*) [with Hardware = STM32Hardware; int MAX_SUBSCRIBERS = 25; int MAX_PUBLISHERS = 25; int INPUT_SIZE = 2048; int OUTPUT_SIZE = 2048]	32	static
SerialClass.h:104:17:void HAL_UART_TxCpltCallback(UART_HandleTypeDef*)	0	static
SerialClass.h:117:17:void HAL_UART_RxCpltCallback(UART_HandleTypeDef*)	8	static
main.cpp:73:6:void Servo_Control(uint16_t)	8	static
main.cpp:174:6:void SystemClock_Config()	72	static,ignoring_inline_asm
main.cpp:96:5:int main()	56	static,ignoring_inline_asm
main.cpp:376:6:void Error_Handler()	0	static,ignoring_inline_asm
msg.h:129:15:static void ros::Msg::varToArr(A, V) [with A = unsigned char*; V = long unsigned int]	0	static
TopicInfo.h:43:17:virtual int rosserial_msgs::TopicInfo::serialize(unsigned char*) const	24	static
String.h:23:17:virtual int std_msgs::String::serialize(unsigned char*) const	16	static
RequestParam.h:78:17:virtual int rosserial_msgs::RequestParamResponse::serialize(unsigned char*) const	24	static
Log.h:31:17:virtual int rosserial_msgs::Log::serialize(unsigned char*) const	24	static
msg.h:137:15:static void ros::Msg::arrToVar(V&, A) [with V = long unsigned int; A = unsigned char*]	8	static
TopicInfo.h:77:17:virtual int rosserial_msgs::TopicInfo::deserialize(unsigned char*)	40	static
RequestParam.h:130:17:virtual int rosserial_msgs::RequestParamResponse::deserialize(unsigned char*)	40	static
Log.h:44:17:virtual int rosserial_msgs::Log::deserialize(unsigned char*)	32	static
String.h:34:17:virtual int std_msgs::String::deserialize(unsigned char*)	32	static
node_handle.h:372:8:void ros::NodeHandle_<Hardware, MAX_SUBSCRIBERS, MAX_PUBLISHERS, INPUT_SIZE, OUTPUT_SIZE>::requestSyncTime() [with Hardware = STM32Hardware; int MAX_SUBSCRIBERS = 25; int MAX_PUBLISHERS = 25; int INPUT_SIZE = 2048; int OUTPUT_SIZE = 2048]	24	static
node_handle.h:480:8:void ros::NodeHandle_<Hardware, MAX_SUBSCRIBERS, MAX_PUBLISHERS, INPUT_SIZE, OUTPUT_SIZE>::negotiateTopics() [with Hardware = STM32Hardware; int MAX_SUBSCRIBERS = 25; int MAX_PUBLISHERS = 25; int INPUT_SIZE = 2048; int OUTPUT_SIZE = 2048]	48	static
node_handle.h:212:15:int ros::NodeHandle_<Hardware, MAX_SUBSCRIBERS, MAX_PUBLISHERS, INPUT_SIZE, OUTPUT_SIZE>::spinOnce() [with Hardware = STM32Hardware; int MAX_SUBSCRIBERS = 25; int MAX_PUBLISHERS = 25; int INPUT_SIZE = 2048; int OUTPUT_SIZE = 2048]	48	static
main.cpp:385:1:cpp)	0	static
