Archive member included to satisfy reference by file (symbol)

/home/roser/st/stm32cubeide_1.5.0/plugins/com.st.stm32cube.ide.mcu.externaltools.gnu-tools-for-stm32.9-2020-q2-update.linux64_1.5.0.202011040924/tools/bin/../lib/gcc/arm-none-eabi/9.3.1/../../../../arm-none-eabi/lib/thumb/v7-m/nofp/libstdc++_nano.a(pure.o)
                              Core/Src/main.o (__cxa_pure_virtual)
/home/roser/st/stm32cubeide_1.5.0/plugins/com.st.stm32cube.ide.mcu.externaltools.gnu-tools-for-stm32.9-2020-q2-update.linux64_1.5.0.202011040924/tools/bin/../lib/gcc/arm-none-eabi/9.3.1/../../../../arm-none-eabi/lib/thumb/v7-m/nofp/libstdc++_nano.a(eh_terminate.o)
                              /home/roser/st/stm32cubeide_1.5.0/plugins/com.st.stm32cube.ide.mcu.externaltools.gnu-tools-for-stm32.9-2020-q2-update.linux64_1.5.0.202011040924/tools/bin/../lib/gcc/arm-none-eabi/9.3.1/../../../../arm-none-eabi/lib/thumb/v7-m/nofp/libstdc++_nano.a(pure.o) (std::terminate())
/home/roser/st/stm32cubeide_1.5.0/plugins/com.st.stm32cube.ide.mcu.externaltools.gnu-tools-for-stm32.9-2020-q2-update.linux64_1.5.0.202011040924/tools/bin/../lib/gcc/arm-none-eabi/9.3.1/../../../../arm-none-eabi/lib/thumb/v7-m/nofp/libstdc++_nano.a(eh_unex_handler.o)
                              /home/roser/st/stm32cubeide_1.5.0/plugins/com.st.stm32cube.ide.mcu.externaltools.gnu-tools-for-stm32.9-2020-q2-update.linux64_1.5.0.202011040924/tools/bin/../lib/gcc/arm-none-eabi/9.3.1/../../../../arm-none-eabi/lib/thumb/v7-m/nofp/libstdc++_nano.a(eh_terminate.o) (__cxxabiv1::__unexpected_handler)
/home/roser/st/stm32cubeide_1.5.0/plugins/com.st.stm32cube.ide.mcu.externaltools.gnu-tools-for-stm32.9-2020-q2-update.linux64_1.5.0.202011040924/tools/bin/../lib/gcc/arm-none-eabi/9.3.1/../../../../arm-none-eabi/lib/thumb/v7-m/nofp/libstdc++_nano.a(eh_term_handler.o)
                              /home/roser/st/stm32cubeide_1.5.0/plugins/com.st.stm32cube.ide.mcu.externaltools.gnu-tools-for-stm32.9-2020-q2-update.linux64_1.5.0.202011040924/tools/bin/../lib/gcc/arm-none-eabi/9.3.1/../../../../arm-none-eabi/lib/thumb/v7-m/nofp/libstdc++_nano.a(eh_terminate.o) (__cxxabiv1::__terminate_handler)
/home/roser/st/stm32cubeide_1.5.0/plugins/com.st.stm32cube.ide.mcu.externaltools.gnu-tools-for-stm32.9-2020-q2-update.linux64_1.5.0.202011040924/tools/bin/../lib/gcc/arm-none-eabi/9.3.1/../../../../arm-none-eabi/lib/thumb/v7-m/nofp/libc_nano.a(lib_a-abort.o)
                              /home/roser/st/stm32cubeide_1.5.0/plugins/com.st.stm32cube.ide.mcu.externaltools.gnu-tools-for-stm32.9-2020-q2-update.linux64_1.5.0.202011040924/tools/bin/../lib/gcc/arm-none-eabi/9.3.1/../../../../arm-none-eabi/lib/thumb/v7-m/nofp/libstdc++_nano.a(eh_terminate.o) (abort)
/home/roser/st/stm32cubeide_1.5.0/plugins/com.st.stm32cube.ide.mcu.externaltools.gnu-tools-for-stm32.9-2020-q2-update.linux64_1.5.0.202011040924/tools/bin/../lib/gcc/arm-none-eabi/9.3.1/../../../../arm-none-eabi/lib/thumb/v7-m/nofp/libc_nano.a(lib_a-errno.o)
                              Core/Src/syscalls.o (__errno)
/home/roser/st/stm32cubeide_1.5.0/plugins/com.st.stm32cube.ide.mcu.externaltools.gnu-tools-for-stm32.9-2020-q2-update.linux64_1.5.0.202011040924/tools/bin/../lib/gcc/arm-none-eabi/9.3.1/../../../../arm-none-eabi/lib/thumb/v7-m/nofp/libc_nano.a(lib_a-exit.o)
                              /home/roser/st/stm32cubeide_1.5.0/plugins/com.st.stm32cube.ide.mcu.externaltools.gnu-tools-for-stm32.9-2020-q2-update.linux64_1.5.0.202011040924/tools/bin/../lib/gcc/arm-none-eabi/9.3.1/../../../../arm-none-eabi/lib/thumb/v7-m/nofp/crt0.o (exit)
/home/roser/st/stm32cubeide_1.5.0/plugins/com.st.stm32cube.ide.mcu.externaltools.gnu-tools-for-stm32.9-2020-q2-update.linux64_1.5.0.202011040924/tools/bin/../lib/gcc/arm-none-eabi/9.3.1/../../../../arm-none-eabi/lib/thumb/v7-m/nofp/libc_nano.a(lib_a-impure.o)
                              /home/roser/st/stm32cubeide_1.5.0/plugins/com.st.stm32cube.ide.mcu.externaltools.gnu-tools-for-stm32.9-2020-q2-update.linux64_1.5.0.202011040924/tools/bin/../lib/gcc/arm-none-eabi/9.3.1/../../../../arm-none-eabi/lib/thumb/v7-m/nofp/libc_nano.a(lib_a-exit.o) (_global_impure_ptr)
/home/roser/st/stm32cubeide_1.5.0/plugins/com.st.stm32cube.ide.mcu.externaltools.gnu-tools-for-stm32.9-2020-q2-update.linux64_1.5.0.202011040924/tools/bin/../lib/gcc/arm-none-eabi/9.3.1/../../../../arm-none-eabi/lib/thumb/v7-m/nofp/libc_nano.a(lib_a-init.o)
                              /home/roser/st/stm32cubeide_1.5.0/plugins/com.st.stm32cube.ide.mcu.externaltools.gnu-tools-for-stm32.9-2020-q2-update.linux64_1.5.0.202011040924/tools/bin/../lib/gcc/arm-none-eabi/9.3.1/../../../../arm-none-eabi/lib/thumb/v7-m/nofp/crt0.o (__libc_init_array)
/home/roser/st/stm32cubeide_1.5.0/plugins/com.st.stm32cube.ide.mcu.externaltools.gnu-tools-for-stm32.9-2020-q2-update.linux64_1.5.0.202011040924/tools/bin/../lib/gcc/arm-none-eabi/9.3.1/../../../../arm-none-eabi/lib/thumb/v7-m/nofp/libc_nano.a(lib_a-memcpy-stub.o)
[...]
Memory Configuration

Name             Origin             Length             Attributes
RAM              0x0000000020000000 0x0000000000005000 xrw
FLASH            0x0000000008000000 0x0000000000010000 xr
*default*        0x0000000000000000 0xffffffffffffffff

Linker script and memory map

LOAD /home/roser/st/stm32cubeide_1.5.0/plugins/com.st.stm32cube.ide.mcu.externaltools.gnu-tools-for-stm32.9-2020-q2-update.linux64_1.5.0.202011040924/tools/bin/../lib/gcc/arm-none-eabi/9.3.1/thumb/v7-m/nofp/crti.o
LOAD /home/roser/st/stm32cubeide_1.5.0/plugins/com.st.stm32cube.ide.mcu.externaltools.gnu-tools-for-stm32.9-2020-q2-update.linux64_1.5.0.202011040924/tools/bin/../lib/gcc/arm-none-eabi/9.3.1/thumb/v7-m/nofp/crtbegin.o
LOAD /home/roser/st/stm32cubeide_1.5.0/plugins/com.st.stm32cube.ide.mcu.externaltools.gnu-tools-for-stm32.9-2020-q2-update.linux64_1.5.0.202011040924/tools/bin/../lib/gcc/arm-none-eabi/9.3.1/../../../../arm-none-eabi/lib/thumb/v7-m/nofp/crt0.o
LOAD Core/Src/main.o
LOAD Core/Src/stm32f1xx_hal_msp.o
LOAD Core/Src/stm32f1xx_it.o
LOAD Core/Src/syscalls.o
LOAD Core/Src/sysmem.o
LOAD Core/Src/system_stm32f1xx.o
LOAD Core/Startup/startup_stm32f103c8tx.o
LOAD Drivers/STM32F1xx_HAL_Driver/Src/stm32f1xx_hal.o
LOAD Drivers/STM32F1xx_HAL_Driver/Src/stm32f1xx_hal_adc.o
LOAD Drivers/STM32F1xx_HAL_Driver/Src/stm32f1xx_hal_adc_ex.o
LOAD Drivers/STM32F1xx_HAL_Driver/Src/stm32f1xx_hal_cortex.o
LOAD Drivers/STM32F1xx_HAL_Driver/Src/stm32f1xx_hal_dma.o
LOAD Drivers/STM32F1xx_HAL_Driver/Src/stm32f1xx_hal_exti.o
LOAD Drivers/STM32F1xx_HAL_Driver/Src/stm32f1xx_hal_flash.o
LOAD Drivers/STM32F1xx_HAL_Driver/Src/stm32f1xx_hal_flash_ex.o
LOAD Drivers/STM32F1xx_HAL_Driver/Src/stm32f1xx_hal_gpio.o
LOAD Drivers/STM32F1xx_HAL_Driver/Src/stm32f1xx_hal_gpio_ex.o
LOAD Drivers/STM32F1xx_HAL_Driver/Src/stm32f1xx_hal_pwr.o
LOAD Drivers/STM32F1xx_HAL_Driver/Src/stm32f1xx_hal_rcc.o
LOAD Drivers/STM32F1xx_HAL_Driver/Src/stm32f1xx_hal_rcc_ex.o
LOAD Drivers/STM32F1xx_HAL_Driver/Src/stm32f1xx_hal_tim.o
LOAD Drivers/STM32F1xx_HAL_Driver/Src/stm32f1xx_hal_tim_ex.o
LOAD Drivers/STM32F1xx_HAL_Driver/Src/stm32f1xx_hal_uart.o
LOAD mylibs/JOYSTICK/JOYSTICK.o
LOAD mylibs/SERVO/SERVO.o
LOAD mylibs/SERVO/SERVO_cfg.o
LOAD mylibs/util/DWT_Delay.o
LOAD mylibs/util/button.o
LOAD mylibs/util/filter.o
LOAD ros_lib/duration.o
LOAD ros_lib/time.o
START GROUP
LOAD /home/roser/st/stm32cubeide_1.5.0/plugins/com.st.stm32cube.ide.mcu.externaltools.gnu-tools-for-stm32.9-2020-q2-update.linux64_1.5.0.202011040924/tools/bin/../lib/gcc/arm-none-eabi/9.3.1/../../../../arm-none-eabi/lib/thumb/v7-m/nofp/libstdc++_nano.a
LOAD /home/roser/st/stm32cubeide_1.5.0/plugins/com.st.stm32cube.ide.mcu.externaltools.gnu-tools-for-stm32.9-2020-q2-update.linux64_1.5.0.202011040924/tools/bin/../lib/gcc/arm-none-eabi/9.3.1/../../../../arm-none-eabi/lib/thumb/v7-m/nofp/libsupc++_nano.a
END GROUP
LOAD /home/roser/st/stm32cubeide_1.5.0/plugins/com.st.stm32cube.ide.mcu.externaltools.gnu-tools-for-stm32.9-2020-q2-update.linux64_1.5.0.202011040924/tools/bin/../lib/gcc/arm-none-eabi/9.3.1/../../../../arm-none-eabi/lib/thumb/v7-m/nofp/libstdc++_nano.a
LOAD /home/roser/st/stm32cubeide_1.5.0/plugins/com.st.stm32cube.ide.mcu.externaltools.gnu-tools-for-stm32.9-2020-q2-update.linux64_1.5.0.202011040924/tools/bin/../lib/gcc/arm-none-eabi/9.3.1/../../../../arm-none-eabi/lib/thumb/v7-m/nofp/libm.a
LOAD /home/roser/st/stm32cubeide_1.5.0/plugins/com.st.stm32cube.ide.mcu.externaltools.gnu-tools-for-stm32.9-2020-q2-update.linux64_1.5.0.202011040924/tools/bin/../lib/gcc/arm-none-eabi/9.3.1/../../../../arm-none-eabi/lib/thumb/v7-m/nofp/libc_nano.a
START GROUP
LOAD /home/roser/st/stm32cubeide_1.5.0/plugins/com.st.stm32cube.ide.mcu.externaltools.gnu-tools-for-stm32.9-2020-q2-update.linux64_1.5.0.202011040924/tools/bin/../lib/gcc/arm-none-eabi/9.3.1/thumb/v7-m/nofp/libgcc.a
LOAD /home/roser/st/stm32cubeide_1.5.0/plugins/com.st.stm32cube.ide.mcu.externaltools.gnu-tools-for-stm32.9-2020-q2-update.linux64_1.5.0.202011040924/tools/bin/../lib/gcc/arm-none-eabi/9.3.1/../../../../arm-none-eabi/lib/thumb/v7-m/nofp/libc_nano.a
END GROUP
START GROUP
LOAD /home/roser/st/stm32cubeide_1.5.0/plugins/com.st.stm32cube.ide.mcu.externaltools.gnu-tools-for-stm32.9-2020-q2-update.linux64_1.5.0.202011040924/tools/bin/../lib/gcc/arm-none-eabi/9.3.1/thumb/v7-m/nofp/libgcc.a
LOAD /home/roser/st/stm32cubeide_1.5.0/plugins/com.st.stm32cube.ide.mcu.externaltools.gnu-tools-for-stm32.9-2020-q2-update.linux64_1.5.0.202011040924/tools/bin/../lib/gcc/arm-none-eabi/9.3.1/../../../../arm-none-eabi/lib/thumb/v7-m/nofp/libc_nano.a
LOAD /home/roser/st/stm32cubeide_1.5.0/plugins/com.st.stm32cube.ide.mcu.externaltools.gnu-tools-for-stm32.9-2020-q2-update.linux64_1.5.0.202011040924/tools/bin/../lib/gcc/arm-none-eabi/9.3.1/../../../../arm-none-eabi/lib/thumb/v7-m/nofp/libnosys.a
END GROUP
START GROUP
LOAD /home/roser/st/stm32cubeide_1.5.0/plugins/com.st.stm32cube.ide.mcu.externaltools.gnu-tools-for-stm32.9-2020-q2-update.linux64_1.5.0.202011040924/tools/bin/../lib/gcc/arm-none-eabi/9.3.1/thumb/v7-m/nofp/libgcc.a
LOAD /home/roser/st/stm32cubeide_1.5.0/plugins/com.st.stm32cube.ide.mcu.externaltools.gnu-tools-for-stm32.9-2020-q2-update.linux64_1.5.0.202011040924/tools/bin/../lib/gcc/arm-none-eabi/9.3.1/../../../../arm-none-eabi/lib/thumb/v7-m/nofp/libc_nano.a
LOAD /home/roser/st/stm32cubeide_1.5.0/plugins/com.st.stm32cube.ide.mcu.externaltools.gnu-tools-for-stm32.9-2020-q2-update.linux64_1.5.0.202011040924/tools/bin/../lib/gcc/arm-none-eabi/9.3.1/../../../../arm-none-eabi/lib/thumb/v7-m/nofp/libnosys.a
END GROUP
LOAD /home/roser/st/stm32cubeide_1.5.0/plugins/com.st.stm32cube.ide.mcu.externaltools.gnu-tools-for-stm32.9-2020-q2-update.linux64_1.5.0.202011040924/tools/bin/../lib/gcc/arm-none-eabi/9.3.1/thumb/v7-m/nofp/crtend.o
LOAD /home/roser/st/stm32cubeide_1.5.0/plugins/com.st.stm32cube.ide.mcu.externaltools.gnu-tools-for-stm32.9-2020-q2-update.linux64_1.5.0.202011040924/tools/bin/../lib/gcc/arm-none-eabi/9.3.1/thumb/v7-m/nofp/crtn.o
                0x0000000020005000                _estack = (ORIGIN (RAM) + LENGTH (RAM))
                0x0000000000000200                _Min_Heap_Size = 0x200
                0x0000000000000400                _Min_Stack_Size = 0x400

.isr_vector     0x0000000008000000      0x10c
                0x0000000008000000                . = ALIGN (0x4)
 *(.isr_vector)
 .isr_vector    0x0000000008000000      0x10c Core/Startup/startup_stm32f103c8tx.o
                0x0000000008000000                g_pfnVectors
                0x000000000800010c                . = ALIGN (0x4)

.text           0x0000000008000110     0x8dfc
                0x0000000008000110                . = ALIGN (0x4)
 *(.text)
 .text          0x0000000008000110       0x40 /home/roser/st/stm32cubeide_1.5.0/plugins/com.st.stm32cube.ide.mcu.externaltools.gnu-tools-for-stm32.9-2020-q2-update.linux64_1.5.0.202011040924/tools/bin/../lib/gcc/arm-none-eabi/9.3.1/thumb/v7-m/nofp/crtbegin.o
 .text          0x0000000008000150       0x10 /home/roser/st/stm32cubeide_1.5.0/plugins/com.st.stm32cube.ide.mcu.externaltools.gnu-tools-for-stm32.9-2020-q2-update.linux64_1.5.0.202011040924/tools/bin/../lib/gcc/arm-none-eabi/9.3.1/../../../../arm-none-eabi/lib/thumb/v7-m/nofp/libc_nano.a(lib_a-strlen.o)
                0x0000000008000150                strlen
 .text          0x0000000008000160      0x168 /home/roser/st/stm32cubeide_1.5.0/plugins/com.st.stm32cube.ide.mcu.externaltools.gnu-tools-for-stm32.9-2020-q2-update.linux64_1.5.0.202011040924/tools/bin/../lib/gcc/arm-none-eabi/9.3.1/thumb/v7-m/nofp/libgcc.a(_arm_mulsf3.o)
                0x0000000008000160                __mulsf3
                0x0000000008000160                __aeabi_fmul
 .text          0x00000000080002c8      0x378 /home/roser/st/stm32cubeide_1.5.0/plugins/com.st.stm32cube.ide.mcu.externaltools.gnu-tools-for-stm32.9-2020-q2-update.linux64_1.5.0.202011040924/tools/bin/../lib/gcc/arm-none-eabi/9.3.1/thumb/v7-m/nofp/libgcc.a(_arm_addsubdf3.o)
                0x00000000080002c8                __aeabi_drsub
                0x00000000080002d0                __aeabi_dsub
                0x00000000080002d0                __subdf3
                0x00000000080002d4                __adddf3
                0x00000000080002d4                __aeabi_dadd
                0x000000000800054c                __aeabi_ui2d
                0x000000000800054c                __floatunsidf
                0x000000000800056c                __floatsidf
                0x000000000800056c                __aeabi_i2d
                0x0000000008000590                __extendsfdf2
                0x0000000008000590                __aeabi_f2d
                0x00000000080005d4                __aeabi_ul2d
                0x00000000080005d4                __floatundidf
                0x00000000080005e4                __floatdidf
                0x00000000080005e4                __aeabi_l2d
 .text          0x0000000008000640      0x424 /home/roser/st/stm32cubeide_1.5.0/plugins/com.st.stm32cube.ide.mcu.externaltools.gnu-tools-for-stm32.9-2020-q2-update.linux64_1.5.0.202011040924/tools/bin/../lib/gcc/arm-none-eabi/9.3.1/thumb/v7-m/nofp/libgcc.a(_arm_muldivdf3.o)
                0x0000000008000640                __aeabi_dmul
                0x0000000008000640                __muldf3
                0x0000000008000894                __aeabi_ddiv
                0x0000000008000894                __divdf3
 .text          0x0000000008000a64       0x40 /home/roser/st/stm32cubeide_1.5.0/plugins/com.st.stm32cube.ide.mcu.externaltools.gnu-tools-for-stm32.9-2020-q2-update.linux64_1.5.0.202011040924/tools/bin/../lib/gcc/arm-none-eabi/9.3.1/thumb/v7-m/nofp/libgcc.a(_arm_fixunsdfsi.o)
                0x0000000008000a64                __fixunsdfsi
                0x0000000008000a64                __aeabi_d2uiz
 .text          0x0000000008000aa4       0xa0 /home/roser/st/stm32cubeide_1.5.0/plugins/com.st.stm32cube.ide.mcu.externaltools.gnu-tools-for-stm32.9-2020-q2-update.linux64_1.5.0.202011040924/tools/bin/../lib/gcc/arm-none-eabi/9.3.1/thumb/v7-m/nofp/libgcc.a(_arm_truncdfsf2.o)
                0x0000000008000aa4                __aeabi_d2f
                0x0000000008000aa4                __truncdfsf2
 .text          0x0000000008000b44      0x21c /home/roser/st/stm32cubeide_1.5.0/plugins/com.st.stm32cube.ide.mcu.externaltools.gnu-tools-for-stm32.9-2020-q2-update.linux64_1.5.0.202011040924/tools/bin/../lib/gcc/arm-none-eabi/9.3.1/thumb/v7-m/nofp/libgcc.a(_arm_addsubsf3.o)
                0x0000000008000b44                __aeabi_frsub
                0x0000000008000b4c                __subsf3
                0x0000000008000b4c                __aeabi_fsub
                0x0000000008000b50                __aeabi_fadd
                0x0000000008000b50                __addsf3
                0x0000000008000cb0                __aeabi_ui2f
                0x0000000008000cb0                __floatunsisf
                0x0000000008000cb8                __aeabi_i2f
                0x0000000008000cb8                __floatsisf
                0x0000000008000cd4                __floatundisf
                0x0000000008000cd4                __aeabi_ul2f
                0x0000000008000ce4                __floatdisf
                0x0000000008000ce4                __aeabi_l2f
 .text          0x0000000008000d60       0xec /home/roser/st/stm32cubeide_1.5.0/plugins/com.st.stm32cube.ide.mcu.externaltools.gnu-tools-for-stm32.9-2020-q2-update.linux64_1.5.0.202011040924/tools/bin/../lib/gcc/arm-none-eabi/9.3.1/thumb/v7-m/nofp/libgcc.a(_arm_cmpsf2.o)
                0x0000000008000d60                __gtsf2
                0x0000000008000d60                __gesf2
                0x0000000008000d68                __lesf2
                0x0000000008000d68                __ltsf2
                0x0000000008000d70                __nesf2
                0x0000000008000d70                __eqsf2
                0x0000000008000d70                __cmpsf2
                0x0000000008000dd0                __aeabi_cfrcmple
                0x0000000008000dd8                __aeabi_cfcmple
                0x0000000008000dd8                __aeabi_cfcmpeq
                0x0000000008000de8                __aeabi_fcmpeq
                0x0000000008000dfc                __aeabi_fcmplt
                0x0000000008000e10                __aeabi_fcmple
                0x0000000008000e24                __aeabi_fcmpge
                0x0000000008000e38                __aeabi_fcmpgt
 .text          0x0000000008000e4c       0x40 /home/roser/st/stm32cubeide_1.5.0/plugins/com.st.stm32cube.ide.mcu.externaltools.gnu-tools-for-stm32.9-2020-q2-update.linux64_1.5.0.202011040924/tools/bin/../lib/gcc/arm-none-eabi/9.3.1/thumb/v7-m/nofp/libgcc.a(_arm_fixunssfsi.o)
                0x0000000008000e4c                __aeabi_f2uiz
                0x0000000008000e4c                __fixunssfsi
 *(.text*)
 .text._ZN3ros4TimeC2Ev
                0x0000000008000e8c       0x20 Core/Src/main.o
                0x0000000008000e8c                ros::Time::Time()
                0x0000000008000e8c                ros::Time::Time()
 .text._ZN3ros3MsgC2Ev
                0x0000000008000eac       0x20 Core/Src/main.o
                0x0000000008000eac                ros::Msg::Msg()
                0x0000000008000eac                ros::Msg::Msg()
 .text._ZN8std_msgs4TimeC2Ev
                0x0000000008000ecc       0x30 Core/Src/main.o
                0x0000000008000ecc                std_msgs::Time::Time()
                0x0000000008000ecc                std_msgs::Time::Time()
 .text._ZNK8std_msgs4Time9serializeEPh
                0x0000000008000efc       0xae Core/Src/main.o
                0x0000000008000efc                std_msgs::Time::serialize(unsigned char*) const
 .text._ZN8std_msgs4Time11deserializeEPh
                0x0000000008000faa       0xc6 Core/Src/main.o
                0x0000000008000faa                std_msgs::Time::deserialize(unsigned char*)
 .text._ZN8std_msgs4Time7getTypeEv
                0x0000000008001070       0x18 Core/Src/main.o
                0x0000000008001070                std_msgs::Time::getType()
 .text._ZN8std_msgs4Time6getMD5Ev
                0x0000000008001088       0x18 Core/Src/main.o
                0x0000000008001088                std_msgs::Time::getMD5()
 .text._ZN14rosserial_msgs9TopicInfoC2Ev
                0x00000000080010a0       0x48 Core/Src/main.o
                0x00000000080010a0                rosserial_msgs::TopicInfo::TopicInfo()
                0x00000000080010a0                rosserial_msgs::TopicInfo::TopicInfo()
 .text._ZNK14rosserial_msgs9TopicInfo9serializeEPh
                0x00000000080010e8      0x136 Core/Src/main.o
                0x00000000080010e8                rosserial_msgs::TopicInfo::serialize(unsigned char*) const
 .text._ZN14rosserial_msgs9TopicInfo11deserializeEPh
                0x000000000800121e      0x1d0 Core/Src/main.o
                0x000000000800121e                rosserial_msgs::TopicInfo::deserialize(unsigned char*)
 *fill*         0x00000000080013ee        0x2 
 .text._ZN14rosserial_msgs9TopicInfo7getTypeEv
                0x00000000080013f0       0x18 Core/Src/main.o
                0x00000000080013f0                rosserial_msgs::TopicInfo::getType()
 .text._ZN14rosserial_msgs9TopicInfo6getMD5Ev
                0x0000000008001408       0x18 Core/Src/main.o
                0x0000000008001408                rosserial_msgs::TopicInfo::getMD5()
 .text._ZN14rosserial_msgs3LogC2Ev
                0x0000000008001420       0x34 Core/Src/main.o
                0x0000000008001420                rosserial_msgs::Log::Log()
                0x0000000008001420                rosserial_msgs::Log::Log()
 .text._ZNK14rosserial_msgs3Log9serializeEPh
                0x0000000008001454       0x64 Core/Src/main.o
                0x0000000008001454                rosserial_msgs::Log::serialize(unsigned char*) const
 .text._ZN14rosserial_msgs3Log11deserializeEPh
                0x00000000080014b8       0x90 Core/Src/main.o
                0x00000000080014b8                rosserial_msgs::Log::deserialize(unsigned char*)
 .text._ZN14rosserial_msgs3Log7getTypeEv
                0x0000000008001548       0x18 Core/Src/main.o
                0x0000000008001548                rosserial_msgs::Log::getType()
 .text._ZN14rosserial_msgs3Log6getMD5Ev
                0x0000000008001560       0x18 Core/Src/main.o
                0x0000000008001560                rosserial_msgs::Log::getMD5()
 .text._ZN14rosserial_msgs20RequestParamResponseC2Ev
                0x0000000008001578       0x48 Core/Src/main.o
                0x0000000008001578                rosserial_msgs::RequestParamResponse::RequestParamResponse()
                0x0000000008001578                rosserial_msgs::RequestParamResponse::RequestParamResponse()
 .text._ZNK14rosserial_msgs20RequestParamResponse9serializeEPh
                0x00000000080015c0      0x222 Core/Src/main.o
                0x00000000080015c0                rosserial_msgs::RequestParamResponse::serialize(unsigned char*) const
 .text._ZN14rosserial_msgs20RequestParamResponse11deserializeEPh
                0x00000000080017e2      0x2e2 Core/Src/main.o
                0x00000000080017e2                rosserial_msgs::RequestParamResponse::deserialize(unsigned char*)
 .text._ZN14rosserial_msgs20RequestParamResponse7getTypeEv
                0x0000000008001ac4       0x18 Core/Src/main.o
                0x0000000008001ac4                rosserial_msgs::RequestParamResponse::getType()
 .text._ZN14rosserial_msgs20RequestParamResponse6getMD5Ev
                0x0000000008001adc       0x18 Core/Src/main.o
                0x0000000008001adc                rosserial_msgs::RequestParamResponse::getMD5()
 .text._ZN3ros9PublisherC2EPKcPNS_3MsgEi
                0x0000000008001af4       0x2c Core/Src/main.o
                0x0000000008001af4                ros::Publisher::Publisher(char const*, ros::Msg*, int)
                0x0000000008001af4                ros::Publisher::Publisher(char const*, ros::Msg*, int)
 .text._ZN3ros9Publisher15getEndpointTypeEv
                0x0000000008001b20       0x16 Core/Src/main.o
                0x0000000008001b20                ros::Publisher::getEndpointType()
 .text._ZN11SerialClassC2ER20__UART_HandleTypeDef
                0x0000000008001b36       0x50 Core/Src/main.o
                0x0000000008001b36                SerialClass::SerialClass(__UART_HandleTypeDef&)
                0x0000000008001b36                SerialClass::SerialClass(__UART_HandleTypeDef&)
 .text._ZN11SerialClass10get_handleEv
                0x0000000008001b86       0x1c Core/Src/main.o
                0x0000000008001b86                SerialClass::get_handle()
 .text._ZN11SerialClass9start_dmaEv
                0x0000000008001ba2       0x40 Core/Src/main.o
                0x0000000008001ba2                SerialClass::start_dma()
 .text._ZN11SerialClass4readEv
                0x0000000008001be2       0x84 Core/Src/main.o
                0x0000000008001be2                SerialClass::read()
 .text._ZN11SerialClass5writeEPKhi
                0x0000000008001c66       0x84 Core/Src/main.o
                0x0000000008001c66                SerialClass::write(unsigned char const*, int)
 .text._ZN11SerialClass16tx_cplt_callbackEv
                0x0000000008001cea       0x1c Core/Src/main.o
                0x0000000008001cea                SerialClass::tx_cplt_callback()
 .text._ZN11SerialClass10reset_rbufEv
                0x0000000008001d06       0x2a Core/Src/main.o
                0x0000000008001d06                SerialClass::reset_rbuf()
 .text.HAL_UART_TxCpltCallback
                0x0000000008001d30       0x38 Core/Src/main.o
                0x0000000008001d30                HAL_UART_TxCpltCallback
 .text.HAL_UART_RxCpltCallback
                0x0000000008001d68       0x28 Core/Src/main.o
                0x0000000008001d68                HAL_UART_RxCpltCallback
 .text._ZN13STM32HardwareC2Ev
                0x0000000008001d90       0x20 Core/Src/main.o
                0x0000000008001d90                STM32Hardware::STM32Hardware()
                0x0000000008001d90                STM32Hardware::STM32Hardware()
 .text._ZN13STM32Hardware4initEv
                0x0000000008001db0       0x1a Core/Src/main.o
                0x0000000008001db0                STM32Hardware::init()
 .text._ZN13STM32Hardware4readEv
                0x0000000008001dca       0x1c Core/Src/main.o
                0x0000000008001dca                STM32Hardware::read()
 .text._ZN13STM32Hardware5writeEPhi
                0x0000000008001de6       0x22 Core/Src/main.o
                0x0000000008001de6                STM32Hardware::write(unsigned char*, int)
 .text._ZN13STM32Hardware4timeEv
                0x0000000008001e08       0x16 Core/Src/main.o
                0x0000000008001e08                STM32Hardware::time()
 *fill*         0x0000000008001e1e        0x2 
 .text._ZN8std_msgs6StringC2Ev
                0x0000000008001e20       0x30 Core/Src/main.o
                0x0000000008001e20                std_msgs::String::String()
                0x0000000008001e20                std_msgs::String::String()
 .text._ZNK8std_msgs6String9serializeEPh
                0x0000000008001e50       0x52 Core/Src/main.o
                0x0000000008001e50                std_msgs::String::serialize(unsigned char*) const
 .text._ZN8std_msgs6String11deserializeEPh
                0x0000000008001ea2       0x7e Core/Src/main.o
                0x0000000008001ea2                std_msgs::String::deserialize(unsigned char*)
 .text._ZN8std_msgs6String7getTypeEv
                0x0000000008001f20       0x18 Core/Src/main.o
                0x0000000008001f20                std_msgs::String::getType()
 .text._ZN8std_msgs6String6getMD5Ev
                0x0000000008001f38       0x18 Core/Src/main.o
                0x0000000008001f38                std_msgs::String::getMD5()
 .text._ZN8std_msgs7Float32C2Ev
                0x0000000008001f50       0x2c Core/Src/main.o
                0x0000000008001f50                std_msgs::Float32::Float32()
                0x0000000008001f50                std_msgs::Float32::Float32()
 .text._ZNK8std_msgs7Float329serializeEPh
                0x0000000008001f7c       0x62 Core/Src/main.o
                0x0000000008001f7c                std_msgs::Float32::serialize(unsigned char*) const
 .text._ZN8std_msgs7Float3211deserializeEPh
                0x0000000008001fde       0x6e Core/Src/main.o
                0x0000000008001fde                std_msgs::Float32::deserialize(unsigned char*)
 .text._ZN8std_msgs7Float327getTypeEv
                0x000000000800204c       0x18 Core/Src/main.o
                0x000000000800204c                std_msgs::Float32::getType()
 .text._ZN8std_msgs7Float326getMD5Ev
                0x0000000008002064       0x18 Core/Src/main.o
                0x0000000008002064                std_msgs::Float32::getMD5()
 .text._ZN8std_msgs5Int32C2Ev
                0x000000000800207c       0x2c Core/Src/main.o
                0x000000000800207c                std_msgs::Int32::Int32()
                0x000000000800207c                std_msgs::Int32::Int32()
 .text._ZNK8std_msgs5Int329serializeEPh
                0x00000000080020a8       0x62 Core/Src/main.o
                0x00000000080020a8                std_msgs::Int32::serialize(unsigned char*) const
 .text._ZN8std_msgs5Int3211deserializeEPh
                0x000000000800210a       0x6e Core/Src/main.o
                0x000000000800210a                std_msgs::Int32::deserialize(unsigned char*)
 .text._ZN8std_msgs5Int327getTypeEv
                0x0000000008002178       0x18 Core/Src/main.o
                0x0000000008002178                std_msgs::Int32::getType()
 .text._ZN8std_msgs5Int326getMD5Ev
                0x0000000008002190       0x18 Core/Src/main.o
                0x0000000008002190                std_msgs::Int32::getMD5()
 .text._ZN8std_msgs6HeaderC2Ev
                0x00000000080021a8       0x40 Core/Src/main.o
                0x00000000080021a8                std_msgs::Header::Header()
                0x00000000080021a8                std_msgs::Header::Header()
 .text._ZNK8std_msgs6Header9serializeEPh
                0x00000000080021e8      0x130 Core/Src/main.o
                0x00000000080021e8                std_msgs::Header::serialize(unsigned char*) const
 .text._ZN8std_msgs6Header11deserializeEPh
                0x0000000008002318      0x180 Core/Src/main.o
                0x0000000008002318                std_msgs::Header::deserialize(unsigned char*)
 .text._ZN8std_msgs6Header7getTypeEv
                0x0000000008002498       0x18 Core/Src/main.o
                0x0000000008002498                std_msgs::Header::getType()
 .text._ZN8std_msgs6Header6getMD5Ev
                0x00000000080024b0       0x18 Core/Src/main.o
                0x00000000080024b0                std_msgs::Header::getMD5()
 .text._ZN11sensor_msgs10JointStateC2Ev
                0x00000000080024c8       0x60 Core/Src/main.o
                0x00000000080024c8                sensor_msgs::JointState::JointState()
                0x00000000080024c8                sensor_msgs::JointState::JointState()
 .text._ZNK11sensor_msgs10JointState9serializeEPh
                0x0000000008002528      0x4dc Core/Src/main.o
                0x0000000008002528                sensor_msgs::JointState::serialize(unsigned char*) const
 .text._ZN11sensor_msgs10JointState11deserializeEPh
                0x0000000008002a04      0x9ea Core/Src/main.o
                0x0000000008002a04                sensor_msgs::JointState::deserialize(unsigned char*)
 *fill*         0x00000000080033ee        0x2 
 .text._ZN11sensor_msgs10JointState7getTypeEv
                0x00000000080033f0       0x18 Core/Src/main.o
                0x00000000080033f0                sensor_msgs::JointState::getType()
 .text._ZN11sensor_msgs10JointState6getMD5Ev
                0x0000000008003408       0x18 Core/Src/main.o
                0x0000000008003408                sensor_msgs::JointState::getMD5()
 .text._Z6dbg_cbRKN8std_msgs7Float32E
                0x0000000008003420       0x98 Core/Src/main.o
                0x0000000008003420                dbg_cb(std_msgs::Float32 const&)
 .text._Z9move_axisRKN11sensor_msgs10JointStateE
                0x00000000080034b8      0x19c Core/Src/main.o
                0x00000000080034b8                move_axis(sensor_msgs::JointState const&)
 .text._Z3MAPmmmmm
                0x0000000008003654       0x36 Core/Src/main.o
                0x0000000008003654                MAP(unsigned long, unsigned long, unsigned long, unsigned long, unsigned long)
 *fill*         0x000000000800368a        0x2 
 .text.main     0x000000000800368c      0x1a0 Core/Src/main.o
                0x000000000800368c                main
 .text.HW_Init  0x000000000800382c       0x38 Core/Src/main.o
                0x000000000800382c                HW_Init
 .text._Z18SystemClock_Configv
                0x0000000008003864       0x9e Core/Src/main.o
                0x0000000008003864                SystemClock_Config()
 *fill*         0x0000000008003902        0x2 
 .text._ZL15USART_UART_Initv
                0x0000000008003904       0x5c Core/Src/main.o
 .text._ZL8DMA_Initv
                0x0000000008003960       0x4c Core/Src/main.o
 .text._ZL9GPIO_Initv
                0x00000000080039ac       0xd8 Core/Src/main.o
 .text.Error_Handler
                0x0000000008003a84       0x18 Core/Src/main.o
                0x0000000008003a84                Error_Handler
 .text.SysTick_CallBack
                0x0000000008003a9c        0xc Core/Src/main.o
                0x0000000008003a9c                SysTick_CallBack
 .text._ZN3ros3Msg8varToArrIPhmEEvT_T0_
                0x0000000008003aa8       0x3a Core/Src/main.o
                0x0000000008003aa8                void ros::Msg::varToArr<unsigned char*, unsigned long>(unsigned char*, unsigned long)
 .text._ZN3ros3Msg8arrToVarImPhEEvRT_T0_
                0x0000000008003ae2       0x48 Core/Src/main.o
                0x0000000008003ae2                void ros::Msg::arrToVar<unsigned long, unsigned char*>(unsigned long&, unsigned char*)
 *fill*         0x0000000008003b2a        0x2 
 .text._ZN3ros15NodeHandleBase_C2Ev
                0x0000000008003b2c       0x20 Core/Src/main.o
                0x0000000008003b2c                ros::NodeHandleBase_::NodeHandleBase_()
                0x0000000008003b2c                ros::NodeHandleBase_::NodeHandleBase_()
 .text._ZN3ros11NodeHandle_I13STM32HardwareLi25ELi25ELi2048ELi2048EEC2Ev
                0x0000000008003b4c      0x118 Core/Src/main.o
                0x0000000008003b4c                ros::NodeHandle_<STM32Hardware, 25, 25, 2048, 2048>::NodeHandle_()
                0x0000000008003b4c                ros::NodeHandle_<STM32Hardware, 25, 25, 2048, 2048>::NodeHandle_()
 .text._ZN3ros11Subscriber_C2Ev
                0x0000000008003c64       0x20 Core/Src/main.o
                0x0000000008003c64                ros::Subscriber_::Subscriber_()
                0x0000000008003c64                ros::Subscriber_::Subscriber_()
 .text._ZN3ros10SubscriberIN8std_msgs7Float32EvEC2EPKcPFvRKS2_Ei
                0x0000000008003c84       0x48 Core/Src/main.o
                0x0000000008003c84                ros::Subscriber<std_msgs::Float32, void>::Subscriber(char const*, void (*)(std_msgs::Float32 const&), int)
                0x0000000008003c84                ros::Subscriber<std_msgs::Float32, void>::Subscriber(char const*, void (*)(std_msgs::Float32 const&), int)
 .text._ZN3ros10SubscriberIN11sensor_msgs10JointStateEvEC2EPKcPFvRKS2_Ei
                0x0000000008003ccc       0x48 Core/Src/main.o
                0x0000000008003ccc                ros::Subscriber<sensor_msgs::JointState, void>::Subscriber(char const*, void (*)(sensor_msgs::JointState const&), int)
                0x0000000008003ccc                ros::Subscriber<sensor_msgs::JointState, void>::Subscriber(char const*, void (*)(sensor_msgs::JointState const&), int)
 .text._ZN3ros11NodeHandle_I13STM32HardwareLi25ELi25ELi2048ELi2048EE8initNodeEv
                0x0000000008003d14       0x48 Core/Src/main.o
                0x0000000008003d14                ros::NodeHandle_<STM32Hardware, 25, 25, 2048, 2048>::initNode()
 .text._ZN3ros11NodeHandle_I13STM32HardwareLi25ELi25ELi2048ELi2048EE9advertiseERNS_9PublisherE
                0x0000000008003d5c       0x5a Core/Src/main.o
                0x0000000008003d5c                ros::NodeHandle_<STM32Hardware, 25, 25, 2048, 2048>::advertise(ros::Publisher&)
 .text._ZN3ros11NodeHandle_I13STM32HardwareLi25ELi25ELi2048ELi2048EE9subscribeINS_10SubscriberIN8std_msgs7Float32EvEEEEbRT_
                0x0000000008003db6       0x58 Core/Src/main.o
                0x0000000008003db6                bool ros::NodeHandle_<STM32Hardware, 25, 25, 2048, 2048>::subscribe<ros::Subscriber<std_msgs::Float32, void> >(ros::Subscriber<std_msgs::Float32, void>&)
 .text._ZN3ros11NodeHandle_I13STM32HardwareLi25ELi25ELi2048ELi2048EE9subscribeINS_10SubscriberIN11sensor_msgs10JointStateEvEEEEbRT_
                0x0000000008003e0e       0x58 Core/Src/main.o
                0x0000000008003e0e                bool ros::NodeHandle_<STM32Hardware, 25, 25, 2048, 2048>::subscribe<ros::Subscriber<sensor_msgs::JointState, void> >(ros::Subscriber<sensor_msgs::JointState, void>&)
 .text._ZN3ros11NodeHandle_I13STM32HardwareLi25ELi25ELi2048ELi2048EE9connectedEv
                0x0000000008003e66       0x1c Core/Src/main.o
                0x0000000008003e66                ros::NodeHandle_<STM32Hardware, 25, 25, 2048, 2048>::connected()
 .text._ZN3ros11NodeHandle_I13STM32HardwareLi25ELi25ELi2048ELi2048EE8spinOnceEv
                0x0000000008003e82      0x47c Core/Src/main.o
                0x0000000008003e82                ros::NodeHandle_<STM32Hardware, 25, 25, 2048, 2048>::spinOnce()
 .text._ZN3ros11NodeHandle_I13STM32HardwareLi25ELi25ELi2048ELi2048EE15requestSyncTimeEv
                0x00000000080042fe       0x3a Core/Src/main.o
                0x00000000080042fe                ros::NodeHandle_<STM32Hardware, 25, 25, 2048, 2048>::requestSyncTime()
 .text._ZN3ros11NodeHandle_I13STM32HardwareLi25ELi25ELi2048ELi2048EE15negotiateTopicsEv
                0x0000000008004338      0x1c4 Core/Src/main.o
                0x0000000008004338                ros::NodeHandle_<STM32Hardware, 25, 25, 2048, 2048>::negotiateTopics()
 .text._ZN3ros11NodeHandle_I13STM32HardwareLi25ELi25ELi2048ELi2048EE8syncTimeEPh
                0x00000000080044fc       0x98 Core/Src/main.o
                0x00000000080044fc                ros::NodeHandle_<STM32Hardware, 25, 25, 2048, 2048>::syncTime(unsigned char*)
 .text._ZN3ros11NodeHandle_I13STM32HardwareLi25ELi25ELi2048ELi2048EE7publishEiPKNS_3MsgE
                0x0000000008004594      0x128 Core/Src/main.o
                0x0000000008004594                ros::NodeHandle_<STM32Hardware, 25, 25, 2048, 2048>::publish(int, ros::Msg const*)
 .text._ZN3ros11NodeHandle_I13STM32HardwareLi25ELi25ELi2048ELi2048EE6setNowERNS_4TimeE
                0x00000000080046bc       0x68 Core/Src/main.o
                0x00000000080046bc                ros::NodeHandle_<STM32Hardware, 25, 25, 2048, 2048>::setNow(ros::Time&)
 .text._ZN3ros11NodeHandle_I13STM32HardwareLi25ELi25ELi2048ELi2048EE8logerrorEPKc
                0x0000000008004724       0x1c Core/Src/main.o
                0x0000000008004724                ros::NodeHandle_<STM32Hardware, 25, 25, 2048, 2048>::logerror(char const*)
 .text._ZN3ros11NodeHandle_I13STM32HardwareLi25ELi25ELi2048ELi2048EE3logEcPKc
                0x0000000008004740       0x38 Core/Src/main.o
                0x0000000008004740                ros::NodeHandle_<STM32Hardware, 25, 25, 2048, 2048>::log(char, char const*)
 .text._Z41__static_initialization_and_destruction_0ii
                0x0000000008004778       0xc8 Core/Src/main.o
 .text._ZN3ros10SubscriberIN11sensor_msgs10JointStateEvE8callbackEPh
                0x0000000008004840       0x2a Core/Src/main.o
                0x0000000008004840                ros::Subscriber<sensor_msgs::JointState, void>::callback(unsigned char*)
 .text._ZN3ros10SubscriberIN11sensor_msgs10JointStateEvE15getEndpointTypeEv
                0x000000000800486a       0x16 Core/Src/main.o
                0x000000000800486a                ros::Subscriber<sensor_msgs::JointState, void>::getEndpointType()
 .text._ZN3ros10SubscriberIN11sensor_msgs10JointStateEvE10getMsgTypeEv
                0x0000000008004880       0x1c Core/Src/main.o
                0x0000000008004880                ros::Subscriber<sensor_msgs::JointState, void>::getMsgType()
 .text._ZN3ros10SubscriberIN11sensor_msgs10JointStateEvE9getMsgMD5Ev
                0x000000000800489c       0x1c Core/Src/main.o
                0x000000000800489c                ros::Subscriber<sensor_msgs::JointState, void>::getMsgMD5()
 .text._ZN3ros10SubscriberIN8std_msgs7Float32EvE8callbackEPh
                0x00000000080048b8       0x2a Core/Src/main.o
                0x00000000080048b8                ros::Subscriber<std_msgs::Float32, void>::callback(unsigned char*)
 .text._ZN3ros10SubscriberIN8std_msgs7Float32EvE15getEndpointTypeEv
                0x00000000080048e2       0x16 Core/Src/main.o
                0x00000000080048e2                ros::Subscriber<std_msgs::Float32, void>::getEndpointType()
 .text._ZN3ros10SubscriberIN8std_msgs7Float32EvE10getMsgTypeEv
                0x00000000080048f8       0x1c Core/Src/main.o
                0x00000000080048f8                ros::Subscriber<std_msgs::Float32, void>::getMsgType()
 .text._ZN3ros10SubscriberIN8std_msgs7Float32EvE9getMsgMD5Ev
                0x0000000008004914       0x1c Core/Src/main.o
                0x0000000008004914                ros::Subscriber<std_msgs::Float32, void>::getMsgMD5()
 .text._GLOBAL__sub_I_serial
                0x0000000008004930       0x10 Core/Src/main.o
 .text.HAL_MspInit
                0x0000000008004940       0x64 Core/Src/stm32f1xx_hal_msp.o
                0x0000000008004940                HAL_MspInit
 .text.HAL_ADC_MspInit
                0x00000000080049a4       0x78 Core/Src/stm32f1xx_hal_msp.o
                0x00000000080049a4                HAL_ADC_MspInit
 .text.HAL_TIM_Base_MspInit
                0x0000000008004a1c       0x4c Core/Src/stm32f1xx_hal_msp.o
                0x0000000008004a1c                HAL_TIM_Base_MspInit
 .text.HAL_UART_MspInit
                0x0000000008004a68      0x16c Core/Src/stm32f1xx_hal_msp.o
                0x0000000008004a68                HAL_UART_MspInit
 .text.NMI_Handler
                0x0000000008004bd4        0x6 Core/Src/stm32f1xx_it.o
                0x0000000008004bd4                NMI_Handler
 .text.HardFault_Handler
                0x0000000008004bda        0x6 Core/Src/stm32f1xx_it.o
                0x0000000008004bda                HardFault_Handler
 .text.MemManage_Handler
                0x0000000008004be0        0x6 Core/Src/stm32f1xx_it.o
                0x0000000008004be0                MemManage_Handler
 .text.BusFault_Handler
                0x0000000008004be6        0x6 Core/Src/stm32f1xx_it.o
                0x0000000008004be6                BusFault_Handler
 .text.UsageFault_Handler
                0x0000000008004bec        0x6 Core/Src/stm32f1xx_it.o
                0x0000000008004bec                UsageFault_Handler
 .text.SVC_Handler
                0x0000000008004bf2        0xc Core/Src/stm32f1xx_it.o
                0x0000000008004bf2                SVC_Handler
 .text.DebugMon_Handler
                0x0000000008004bfe        0xc Core/Src/stm32f1xx_it.o
                0x0000000008004bfe                DebugMon_Handler
 .text.PendSV_Handler
                0x0000000008004c0a        0xc Core/Src/stm32f1xx_it.o
                0x0000000008004c0a                PendSV_Handler
 .text.SysTick_Handler
                0x0000000008004c16       0x10 Core/Src/stm32f1xx_it.o
                0x0000000008004c16                SysTick_Handler
 *fill*         0x0000000008004c26        0x2 
 .text.DMA1_Channel4_IRQHandler
                0x0000000008004c28       0x14 Core/Src/stm32f1xx_it.o
                0x0000000008004c28                DMA1_Channel4_IRQHandler
 .text.DMA1_Channel5_IRQHandler
                0x0000000008004c3c       0x14 Core/Src/stm32f1xx_it.o
                0x0000000008004c3c                DMA1_Channel5_IRQHandler
 .text.TIM1_TRG_COM_IRQHandler
                0x0000000008004c50       0x14 Core/Src/stm32f1xx_it.o
                0x0000000008004c50                TIM1_TRG_COM_IRQHandler
 .text.USART1_IRQHandler
                0x0000000008004c64       0x14 Core/Src/stm32f1xx_it.o
                0x0000000008004c64                USART1_IRQHandler
 .text._getpid  0x0000000008004c78        0xe Core/Src/syscalls.o
                0x0000000008004c78                _getpid
 .text._kill    0x0000000008004c86       0x20 Core/Src/syscalls.o
                0x0000000008004c86                _kill
 .text._exit    0x0000000008004ca6       0x14 Core/Src/syscalls.o
                0x0000000008004ca6                _exit
 *fill*         0x0000000008004cba        0x2 
 .text._sbrk    0x0000000008004cbc       0x6c Core/Src/sysmem.o
                0x0000000008004cbc                _sbrk
 .text.SystemInit
                0x0000000008004d28        0xc Core/Src/system_stm32f1xx.o
                0x0000000008004d28                SystemInit
 .text.Reset_Handler
                0x0000000008004d34       0x48 Core/Startup/startup_stm32f103c8tx.o
                0x0000000008004d34                Reset_Handler
 .text.Default_Handler
                0x0000000008004d7c        0x2 Core/Startup/startup_stm32f103c8tx.o
                0x0000000008004d7c                RTC_Alarm_IRQHandler
                0x0000000008004d7c                EXTI2_IRQHandler
                0x0000000008004d7c                TIM1_CC_IRQHandler
                0x0000000008004d7c                PVD_IRQHandler
                0x0000000008004d7c                EXTI3_IRQHandler
                0x0000000008004d7c                EXTI0_IRQHandler
                0x0000000008004d7c                I2C2_EV_IRQHandler
                0x0000000008004d7c                ADC1_2_IRQHandler
                0x0000000008004d7c                SPI1_IRQHandler
                0x0000000008004d7c                TAMPER_IRQHandler
                0x0000000008004d7c                USART3_IRQHandler
                0x0000000008004d7c                RTC_IRQHandler
                0x0000000008004d7c                DMA1_Channel7_IRQHandler
                0x0000000008004d7c                CAN1_RX1_IRQHandler
                0x0000000008004d7c                TIM4_IRQHandler
                0x0000000008004d7c                I2C1_EV_IRQHandler
                0x0000000008004d7c                DMA1_Channel6_IRQHandler
                0x0000000008004d7c                TIM3_IRQHandler
                0x0000000008004d7c                RCC_IRQHandler
                0x0000000008004d7c                DMA1_Channel1_IRQHandler
                0x0000000008004d7c                Default_Handler
                0x0000000008004d7c                EXTI15_10_IRQHandler
                0x0000000008004d7c                EXTI9_5_IRQHandler
                0x0000000008004d7c                SPI2_IRQHandler
                0x0000000008004d7c                EXTI4_IRQHandler
                0x0000000008004d7c                USB_LP_CAN1_RX0_IRQHandler
                0x0000000008004d7c                USB_HP_CAN1_TX_IRQHandler
                0x0000000008004d7c                DMA1_Channel3_IRQHandler
                0x0000000008004d7c                TIM1_UP_IRQHandler
                0x0000000008004d7c                WWDG_IRQHandler
                0x0000000008004d7c                TIM2_IRQHandler
                0x0000000008004d7c                TIM1_BRK_IRQHandler
                0x0000000008004d7c                EXTI1_IRQHandler
                0x0000000008004d7c                USART2_IRQHandler
                0x0000000008004d7c                I2C2_ER_IRQHandler
                0x0000000008004d7c                DMA1_Channel2_IRQHandler
                0x0000000008004d7c                CAN1_SCE_IRQHandler
                0x0000000008004d7c                FLASH_IRQHandler
                0x0000000008004d7c                I2C1_ER_IRQHandler
                0x0000000008004d7c                USBWakeUp_IRQHandler
 *fill*         0x0000000008004d7e        0x2 
 .text.HAL_Init
                0x0000000008004d80       0x2c Drivers/STM32F1xx_HAL_Driver/Src/stm32f1xx_hal.o
                0x0000000008004d80                HAL_Init
 .text.HAL_InitTick
                0x0000000008004dac       0x60 Drivers/STM32F1xx_HAL_Driver/Src/stm32f1xx_hal.o
                0x0000000008004dac                HAL_InitTick
 .text.HAL_IncTick
                0x0000000008004e0c       0x24 Drivers/STM32F1xx_HAL_Driver/Src/stm32f1xx_hal.o
                0x0000000008004e0c                HAL_IncTick
 .text.HAL_GetTick
                0x0000000008004e30       0x14 Drivers/STM32F1xx_HAL_Driver/Src/stm32f1xx_hal.o
                0x0000000008004e30                HAL_GetTick
 .text.HAL_Delay
                0x0000000008004e44       0x48 Drivers/STM32F1xx_HAL_Driver/Src/stm32f1xx_hal.o
                0x0000000008004e44                HAL_Delay
 .text.HAL_ADC_Init
                0x0000000008004e8c      0x1b0 Drivers/STM32F1xx_HAL_Driver/Src/stm32f1xx_hal_adc.o
                0x0000000008004e8c                HAL_ADC_Init
 .text.HAL_ADC_Start
                0x000000000800503c      0x15c Drivers/STM32F1xx_HAL_Driver/Src/stm32f1xx_hal_adc.o
                0x000000000800503c                HAL_ADC_Start
 .text.HAL_ADC_PollForConversion
                0x0000000008005198      0x1f4 Drivers/STM32F1xx_HAL_Driver/Src/stm32f1xx_hal_adc.o
                0x0000000008005198                HAL_ADC_PollForConversion
 .text.HAL_ADC_GetValue
                0x000000000800538c       0x18 Drivers/STM32F1xx_HAL_Driver/Src/stm32f1xx_hal_adc.o
                0x000000000800538c                HAL_ADC_GetValue
 .text.HAL_ADC_ConfigChannel
                0x00000000080053a4      0x1f0 Drivers/STM32F1xx_HAL_Driver/Src/stm32f1xx_hal_adc.o
                0x00000000080053a4                HAL_ADC_ConfigChannel
 .text.ADC_Enable
                0x0000000008005594       0xa4 Drivers/STM32F1xx_HAL_Driver/Src/stm32f1xx_hal_adc.o
                0x0000000008005594                ADC_Enable
 .text.ADC_ConversionStop_Disable
                0x0000000008005638       0x74 Drivers/STM32F1xx_HAL_Driver/Src/stm32f1xx_hal_adc.o
                0x0000000008005638                ADC_ConversionStop_Disable
 .text.HAL_ADCEx_Calibration_Start
                0x00000000080056ac      0x138 Drivers/STM32F1xx_HAL_Driver/Src/stm32f1xx_hal_adc_ex.o
                0x00000000080056ac                HAL_ADCEx_Calibration_Start
 .text.__NVIC_SetPriorityGrouping
                0x00000000080057e4       0x48 Drivers/STM32F1xx_HAL_Driver/Src/stm32f1xx_hal_cortex.o
 .text.__NVIC_GetPriorityGrouping
                0x000000000800582c       0x1c Drivers/STM32F1xx_HAL_Driver/Src/stm32f1xx_hal_cortex.o
 .text.__NVIC_EnableIRQ
                0x0000000008005848       0x38 Drivers/STM32F1xx_HAL_Driver/Src/stm32f1xx_hal_cortex.o
 .text.__NVIC_SetPriority
                0x0000000008005880       0x54 Drivers/STM32F1xx_HAL_Driver/Src/stm32f1xx_hal_cortex.o
 .text.NVIC_EncodePriority
                0x00000000080058d4       0x64 Drivers/STM32F1xx_HAL_Driver/Src/stm32f1xx_hal_cortex.o
 .text.SysTick_Config
                0x0000000008005938       0x44 Drivers/STM32F1xx_HAL_Driver/Src/stm32f1xx_hal_cortex.o
 .text.HAL_NVIC_SetPriorityGrouping
                0x000000000800597c       0x16 Drivers/STM32F1xx_HAL_Driver/Src/stm32f1xx_hal_cortex.o
                0x000000000800597c                HAL_NVIC_SetPriorityGrouping
 .text.HAL_NVIC_SetPriority
                0x0000000008005992       0x38 Drivers/STM32F1xx_HAL_Driver/Src/stm32f1xx_hal_cortex.o
                0x0000000008005992                HAL_NVIC_SetPriority
 .text.HAL_NVIC_EnableIRQ
                0x00000000080059ca       0x1c Drivers/STM32F1xx_HAL_Driver/Src/stm32f1xx_hal_cortex.o
                0x00000000080059ca                HAL_NVIC_EnableIRQ
 .text.HAL_SYSTICK_Config
                0x00000000080059e6       0x18 Drivers/STM32F1xx_HAL_Driver/Src/stm32f1xx_hal_cortex.o
                0x00000000080059e6                HAL_SYSTICK_Config
 *fill*         0x00000000080059fe        0x2 
 .text.HAL_DMA_Init
                0x0000000008005a00       0xb4 Drivers/STM32F1xx_HAL_Driver/Src/stm32f1xx_hal_dma.o
                0x0000000008005a00                HAL_DMA_Init
 .text.HAL_DMA_Start_IT
                0x0000000008005ab4       0xbe Drivers/STM32F1xx_HAL_Driver/Src/stm32f1xx_hal_dma.o
                0x0000000008005ab4                HAL_DMA_Start_IT
 *fill*         0x0000000008005b72        0x2 
 .text.HAL_DMA_Abort_IT
                0x0000000008005b74       0xec Drivers/STM32F1xx_HAL_Driver/Src/stm32f1xx_hal_dma.o
                0x0000000008005b74                HAL_DMA_Abort_IT
 .text.HAL_DMA_IRQHandler
                0x0000000008005c60      0x20c Drivers/STM32F1xx_HAL_Driver/Src/stm32f1xx_hal_dma.o
                0x0000000008005c60                HAL_DMA_IRQHandler
 .text.DMA_SetConfig
                0x0000000008005e6c       0x5a Drivers/STM32F1xx_HAL_Driver/Src/stm32f1xx_hal_dma.o
 *fill*         0x0000000008005ec6        0x2 
 .text.HAL_GPIO_Init
                0x0000000008005ec8      0x308 Drivers/STM32F1xx_HAL_Driver/Src/stm32f1xx_hal_gpio.o
                0x0000000008005ec8                HAL_GPIO_Init
 .text.HAL_GPIO_ReadPin
                0x00000000080061d0       0x2e Drivers/STM32F1xx_HAL_Driver/Src/stm32f1xx_hal_gpio.o
                0x00000000080061d0                HAL_GPIO_ReadPin
 .text.HAL_GPIO_TogglePin
                0x00000000080061fe       0x32 Drivers/STM32F1xx_HAL_Driver/Src/stm32f1xx_hal_gpio.o
                0x00000000080061fe                HAL_GPIO_TogglePin
 .text.HAL_RCC_OscConfig
                0x0000000008006230      0x500 Drivers/STM32F1xx_HAL_Driver/Src/stm32f1xx_hal_rcc.o
                0x0000000008006230                HAL_RCC_OscConfig
 .text.HAL_RCC_ClockConfig
                0x0000000008006730      0x1d4 Drivers/STM32F1xx_HAL_Driver/Src/stm32f1xx_hal_rcc.o
                0x0000000008006730                HAL_RCC_ClockConfig
 .text.HAL_RCC_GetSysClockFreq
                0x0000000008006904       0xc0 Drivers/STM32F1xx_HAL_Driver/Src/stm32f1xx_hal_rcc.o
                0x0000000008006904                HAL_RCC_GetSysClockFreq
 .text.HAL_RCC_GetHCLKFreq
                0x00000000080069c4       0x14 Drivers/STM32F1xx_HAL_Driver/Src/stm32f1xx_hal_rcc.o
                0x00000000080069c4                HAL_RCC_GetHCLKFreq
 .text.HAL_RCC_GetPCLK1Freq
                0x00000000080069d8       0x28 Drivers/STM32F1xx_HAL_Driver/Src/stm32f1xx_hal_rcc.o
                0x00000000080069d8                HAL_RCC_GetPCLK1Freq
 .text.HAL_RCC_GetPCLK2Freq
                0x0000000008006a00       0x28 Drivers/STM32F1xx_HAL_Driver/Src/stm32f1xx_hal_rcc.o
                0x0000000008006a00                HAL_RCC_GetPCLK2Freq
 .text.RCC_Delay
                0x0000000008006a28       0x3c Drivers/STM32F1xx_HAL_Driver/Src/stm32f1xx_hal_rcc.o
 .text.HAL_RCCEx_GetPeriphCLKFreq
                0x0000000008006a64      0x188 Drivers/STM32F1xx_HAL_Driver/Src/stm32f1xx_hal_rcc_ex.o
                0x0000000008006a64                HAL_RCCEx_GetPeriphCLKFreq
 .text.HAL_TIM_Base_Init
                0x0000000008006bec       0x9e Drivers/STM32F1xx_HAL_Driver/Src/stm32f1xx_hal_tim.o
                0x0000000008006bec                HAL_TIM_Base_Init
 .text.HAL_TIM_PWM_Init
                0x0000000008006c8a       0x9e Drivers/STM32F1xx_HAL_Driver/Src/stm32f1xx_hal_tim.o
                0x0000000008006c8a                HAL_TIM_PWM_Init
 .text.HAL_TIM_PWM_MspInit
                0x0000000008006d28       0x12 Drivers/STM32F1xx_HAL_Driver/Src/stm32f1xx_hal_tim.o
                0x0000000008006d28                HAL_TIM_PWM_MspInit
 *fill*         0x0000000008006d3a        0x2 
 .text.HAL_TIM_PWM_Start
                0x0000000008006d3c      0x144 Drivers/STM32F1xx_HAL_Driver/Src/stm32f1xx_hal_tim.o
                0x0000000008006d3c                HAL_TIM_PWM_Start
 .text.HAL_TIM_IRQHandler
                0x0000000008006e80      0x210 Drivers/STM32F1xx_HAL_Driver/Src/stm32f1xx_hal_tim.o
                0x0000000008006e80                HAL_TIM_IRQHandler
 .text.HAL_TIM_PWM_ConfigChannel
                0x0000000008007090      0x17c Drivers/STM32F1xx_HAL_Driver/Src/stm32f1xx_hal_tim.o
                0x0000000008007090                HAL_TIM_PWM_ConfigChannel
 .text.HAL_TIM_ConfigClockSource
                0x000000000800720c      0x188 Drivers/STM32F1xx_HAL_Driver/Src/stm32f1xx_hal_tim.o
                0x000000000800720c                HAL_TIM_ConfigClockSource
 .text.HAL_TIM_PeriodElapsedCallback
                0x0000000008007394       0x12 Drivers/STM32F1xx_HAL_Driver/Src/stm32f1xx_hal_tim.o
                0x0000000008007394                HAL_TIM_PeriodElapsedCallback
 .text.HAL_TIM_OC_DelayElapsedCallback
                0x00000000080073a6       0x12 Drivers/STM32F1xx_HAL_Driver/Src/stm32f1xx_hal_tim.o
                0x00000000080073a6                HAL_TIM_OC_DelayElapsedCallback
 .text.HAL_TIM_IC_CaptureCallback
                0x00000000080073b8       0x12 Drivers/STM32F1xx_HAL_Driver/Src/stm32f1xx_hal_tim.o
                0x00000000080073b8                HAL_TIM_IC_CaptureCallback
 .text.HAL_TIM_PWM_PulseFinishedCallback
                0x00000000080073ca       0x12 Drivers/STM32F1xx_HAL_Driver/Src/stm32f1xx_hal_tim.o
                0x00000000080073ca                HAL_TIM_PWM_PulseFinishedCallback
 .text.HAL_TIM_TriggerCallback
                0x00000000080073dc       0x12 Drivers/STM32F1xx_HAL_Driver/Src/stm32f1xx_hal_tim.o
                0x00000000080073dc                HAL_TIM_TriggerCallback
 *fill*         0x00000000080073ee        0x2 
 .text.TIM_Base_SetConfig
                0x00000000080073f0       0xc4 Drivers/STM32F1xx_HAL_Driver/Src/stm32f1xx_hal_tim.o
                0x00000000080073f0                TIM_Base_SetConfig
 .text.TIM_OC1_SetConfig
                0x00000000080074b4       0xcc Drivers/STM32F1xx_HAL_Driver/Src/stm32f1xx_hal_tim.o
 .text.TIM_OC2_SetConfig
                0x0000000008007580       0xd4 Drivers/STM32F1xx_HAL_Driver/Src/stm32f1xx_hal_tim.o
                0x0000000008007580                TIM_OC2_SetConfig
 .text.TIM_OC3_SetConfig
                0x0000000008007654       0xd4 Drivers/STM32F1xx_HAL_Driver/Src/stm32f1xx_hal_tim.o
 .text.TIM_OC4_SetConfig
                0x0000000008007728       0x9c Drivers/STM32F1xx_HAL_Driver/Src/stm32f1xx_hal_tim.o
 .text.TIM_TI1_ConfigInputStage
                0x00000000080077c4       0x5c Drivers/STM32F1xx_HAL_Driver/Src/stm32f1xx_hal_tim.o
 .text.TIM_TI2_ConfigInputStage
                0x0000000008007820       0x5e Drivers/STM32F1xx_HAL_Driver/Src/stm32f1xx_hal_tim.o
 .text.TIM_ITRx_SetConfig
                0x000000000800787e       0x34 Drivers/STM32F1xx_HAL_Driver/Src/stm32f1xx_hal_tim.o
 .text.TIM_ETR_SetConfig
                0x00000000080078b2       0x3e Drivers/STM32F1xx_HAL_Driver/Src/stm32f1xx_hal_tim.o
                0x00000000080078b2                TIM_ETR_SetConfig
 .text.TIM_CCxChannelCmd
                0x00000000080078f0       0x48 Drivers/STM32F1xx_HAL_Driver/Src/stm32f1xx_hal_tim.o
                0x00000000080078f0                TIM_CCxChannelCmd
 .text.HAL_TIMEx_MasterConfigSynchronization
                0x0000000008007938       0xbc Drivers/STM32F1xx_HAL_Driver/Src/stm32f1xx_hal_tim_ex.o
                0x0000000008007938                HAL_TIMEx_MasterConfigSynchronization
 .text.HAL_TIMEx_CommutCallback
                0x00000000080079f4       0x12 Drivers/STM32F1xx_HAL_Driver/Src/stm32f1xx_hal_tim_ex.o
                0x00000000080079f4                HAL_TIMEx_CommutCallback
 .text.HAL_TIMEx_BreakCallback
                0x0000000008007a06       0x12 Drivers/STM32F1xx_HAL_Driver/Src/stm32f1xx_hal_tim_ex.o
                0x0000000008007a06                HAL_TIMEx_BreakCallback
 .text.HAL_UART_Init
                0x0000000008007a18       0x9a Drivers/STM32F1xx_HAL_Driver/Src/stm32f1xx_hal_uart.o
                0x0000000008007a18                HAL_UART_Init
 *fill*         0x0000000008007ab2        0x2 
 .text.HAL_UART_Transmit_DMA
                0x0000000008007ab4       0xd8 Drivers/STM32F1xx_HAL_Driver/Src/stm32f1xx_hal_uart.o
                0x0000000008007ab4                HAL_UART_Transmit_DMA
 .text.HAL_UART_Receive_DMA
                0x0000000008007b8c      0x100 Drivers/STM32F1xx_HAL_Driver/Src/stm32f1xx_hal_uart.o
                0x0000000008007b8c                HAL_UART_Receive_DMA
 .text.HAL_UART_IRQHandler
                0x0000000008007c8c      0x200 Drivers/STM32F1xx_HAL_Driver/Src/stm32f1xx_hal_uart.o
                0x0000000008007c8c                HAL_UART_IRQHandler
 .text.HAL_UART_TxHalfCpltCallback
                0x0000000008007e8c       0x12 Drivers/STM32F1xx_HAL_Driver/Src/stm32f1xx_hal_uart.o
                0x0000000008007e8c                HAL_UART_TxHalfCpltCallback
 .text.HAL_UART_RxHalfCpltCallback
                0x0000000008007e9e       0x12 Drivers/STM32F1xx_HAL_Driver/Src/stm32f1xx_hal_uart.o
                0x0000000008007e9e                HAL_UART_RxHalfCpltCallback
 .text.HAL_UART_ErrorCallback
                0x0000000008007eb0       0x12 Drivers/STM32F1xx_HAL_Driver/Src/stm32f1xx_hal_uart.o
                0x0000000008007eb0                HAL_UART_ErrorCallback
 .text.UART_DMATransmitCplt
                0x0000000008007ec2       0x52 Drivers/STM32F1xx_HAL_Driver/Src/stm32f1xx_hal_uart.o
 .text.UART_DMATxHalfCplt
                0x0000000008007f14       0x1c Drivers/STM32F1xx_HAL_Driver/Src/stm32f1xx_hal_uart.o
 .text.UART_DMAReceiveCplt
                0x0000000008007f30       0x68 Drivers/STM32F1xx_HAL_Driver/Src/stm32f1xx_hal_uart.o
 .text.UART_DMARxHalfCplt
                0x0000000008007f98       0x1c Drivers/STM32F1xx_HAL_Driver/Src/stm32f1xx_hal_uart.o
 .text.UART_DMAError
                0x0000000008007fb4       0x94 Drivers/STM32F1xx_HAL_Driver/Src/stm32f1xx_hal_uart.o
 .text.UART_EndTxTransfer
                0x0000000008008048       0x2a Drivers/STM32F1xx_HAL_Driver/Src/stm32f1xx_hal_uart.o
 .text.UART_EndRxTransfer
                0x0000000008008072       0x3a Drivers/STM32F1xx_HAL_Driver/Src/stm32f1xx_hal_uart.o
 .text.UART_DMAAbortOnError
                0x00000000080080ac       0x28 Drivers/STM32F1xx_HAL_Driver/Src/stm32f1xx_hal_uart.o
 .text.UART_Transmit_IT
                0x00000000080080d4       0x9e Drivers/STM32F1xx_HAL_Driver/Src/stm32f1xx_hal_uart.o
 .text.UART_EndTransmit_IT
                0x0000000008008172       0x30 Drivers/STM32F1xx_HAL_Driver/Src/stm32f1xx_hal_uart.o
 .text.UART_Receive_IT
                0x00000000080081a2      0x100 Drivers/STM32F1xx_HAL_Driver/Src/stm32f1xx_hal_uart.o
 *fill*         0x00000000080082a2        0x2 
 .text.UART_SetConfig
                0x00000000080082a4      0x11c Drivers/STM32F1xx_HAL_Driver/Src/stm32f1xx_hal_uart.o
 .text.JoyStick_Init
                0x00000000080083c0       0xb8 mylibs/JOYSTICK/JOYSTICK.o
                0x00000000080083c0                JoyStick_Init
 .text.JoyStick_Read
                0x0000000008008478       0x74 mylibs/JOYSTICK/JOYSTICK.o
                0x0000000008008478                JoyStick_Read
 .text.DWT_Delay_ms
                0x00000000080084ec       0x4c mylibs/SERVO/SERVO.o
 .text.SERVO_Init
                0x0000000008008538      0x348 mylibs/SERVO/SERVO.o
                0x0000000008008538                SERVO_Init
 .text.SERVO_MoveTo
                0x0000000008008880       0xa0 mylibs/SERVO/SERVO.o
                0x0000000008008880                SERVO_MoveTo
 .text.SERVO_RawMove
                0x0000000008008920       0x50 mylibs/SERVO/SERVO.o
                0x0000000008008920                SERVO_RawMove
 .text.SERVO_Get_MaxPulse
                0x0000000008008970       0x24 mylibs/SERVO/SERVO.o
                0x0000000008008970                SERVO_Get_MaxPulse
 .text.SERVO_Get_MinPulse
                0x0000000008008994       0x20 mylibs/SERVO/SERVO.o
                0x0000000008008994                SERVO_Get_MinPulse
 .text.SERVO_Sweep
                0x00000000080089b4       0x7c mylibs/SERVO/SERVO.o
                0x00000000080089b4                SERVO_Sweep
 .text.DWT_Delay_Init
                0x0000000008008a30       0x60 mylibs/util/DWT_Delay.o
                0x0000000008008a30                DWT_Delay_Init
 .text.BTN_Init
                0x0000000008008a90       0x30 mylibs/util/button.o
                0x0000000008008a90                BTN_Init
 .text.BTN_Main
                0x0000000008008ac0       0x70 mylibs/util/button.o
                0x0000000008008ac0                BTN_Main
 .text.SUM_BUFFER
                0x0000000008008b30       0x92 mylibs/util/filter.o
                0x0000000008008b30                SUM_BUFFER
 .text.__cxa_pure_virtual
                0x0000000008008bc2        0x6 /home/roser/st/stm32cubeide_1.5.0/plugins/com.st.stm32cube.ide.mcu.externaltools.gnu-tools-for-stm32.9-2020-q2-update.linux64_1.5.0.202011040924/tools/bin/../lib/gcc/arm-none-eabi/9.3.1/../../../../arm-none-eabi/lib/thumb/v7-m/nofp/libstdc++_nano.a(pure.o)
                0x0000000008008bc2                __cxa_pure_virtual
 .text._ZN10__cxxabiv111__terminateEPFvvE
                0x0000000008008bc8        0x8 /home/roser/st/stm32cubeide_1.5.0/plugins/com.st.stm32cube.ide.mcu.externaltools.gnu-tools-for-stm32.9-2020-q2-update.linux64_1.5.0.202011040924/tools/bin/../lib/gcc/arm-none-eabi/9.3.1/../../../../arm-none-eabi/lib/thumb/v7-m/nofp/libstdc++_nano.a(eh_terminate.o)
                0x0000000008008bc8                __cxxabiv1::__terminate(void (*)())
 .text._ZSt13get_terminatev
                0x0000000008008bd0       0x10 /home/roser/st/stm32cubeide_1.5.0/plugins/com.st.stm32cube.ide.mcu.externaltools.gnu-tools-for-stm32.9-2020-q2-update.linux64_1.5.0.202011040924/tools/bin/../lib/gcc/arm-none-eabi/9.3.1/../../../../arm-none-eabi/lib/thumb/v7-m/nofp/libstdc++_nano.a(eh_terminate.o)
                0x0000000008008bd0                std::get_terminate()
 .text._ZSt9terminatev
                0x0000000008008be0        0xa /home/roser/st/stm32cubeide_1.5.0/plugins/com.st.stm32cube.ide.mcu.externaltools.gnu-tools-for-stm32.9-2020-q2-update.linux64_1.5.0.202011040924/tools/bin/../lib/gcc/arm-none-eabi/9.3.1/../../../../arm-none-eabi/lib/thumb/v7-m/nofp/libstdc++_nano.a(eh_terminate.o)
                0x0000000008008be0                std::terminate()
 .text.abort    0x0000000008008bea        0xe /home/roser/st/stm32cubeide_1.5.0/plugins/com.st.stm32cube.ide.mcu.externaltools.gnu-tools-for-stm32.9-2020-q2-update.linux64_1.5.0.202011040924/tools/bin/../lib/gcc/arm-none-eabi/9.3.1/../../../../arm-none-eabi/lib/thumb/v7-m/nofp/libc_nano.a(lib_a-abort.o)
                0x0000000008008bea                abort
 .text.__errno  0x0000000008008bf8        0xc /home/roser/st/stm32cubeide_1.5.0/plugins/com.st.stm32cube.ide.mcu.externaltools.gnu-tools-for-stm32.9-2020-q2-update.linux64_1.5.0.202011040924/tools/bin/../lib/gcc/arm-none-eabi/9.3.1/../../../../arm-none-eabi/lib/thumb/v7-m/nofp/libc_nano.a(lib_a-errno.o)
                0x0000000008008bf8                __errno
 .text.__libc_init_array
                0x0000000008008c04       0x48 /home/roser/st/stm32cubeide_1.5.0/plugins/com.st.stm32cube.ide.mcu.externaltools.gnu-tools-for-stm32.9-2020-q2-update.linux64_1.5.0.202011040924/tools/bin/../lib/gcc/arm-none-eabi/9.3.1/../../../../arm-none-eabi/lib/thumb/v7-m/nofp/libc_nano.a(lib_a-init.o)
                0x0000000008008c04                __libc_init_array
 .text.memcpy   0x0000000008008c4c       0x1c /home/roser/st/stm32cubeide_1.5.0/plugins/com.st.stm32cube.ide.mcu.externaltools.gnu-tools-for-stm32.9-2020-q2-update.linux64_1.5.0.202011040924/tools/bin/../lib/gcc/arm-none-eabi/9.3.1/../../../../arm-none-eabi/lib/thumb/v7-m/nofp/libc_nano.a(lib_a-memcpy-stub.o)
                0x0000000008008c4c                memcpy
 .text.memset   0x0000000008008c68       0x10 /home/roser/st/stm32cubeide_1.5.0/plugins/com.st.stm32cube.ide.mcu.externaltools.gnu-tools-for-stm32.9-2020-q2-update.linux64_1.5.0.202011040924/tools/bin/../lib/gcc/arm-none-eabi/9.3.1/../../../../arm-none-eabi/lib/thumb/v7-m/nofp/libc_nano.a(lib_a-memset.o)
                0x0000000008008c68                memset
 .text.realloc  0x0000000008008c78       0x10 /home/roser/st/stm32cubeide_1.5.0/plugins/com.st.stm32cube.ide.mcu.externaltools.gnu-tools-for-stm32.9-2020-q2-update.linux64_1.5.0.202011040924/tools/bin/../lib/gcc/arm-none-eabi/9.3.1/../../../../arm-none-eabi/lib/thumb/v7-m/nofp/libc_nano.a(lib_a-realloc.o)
                0x0000000008008c78                realloc
 .text._raise_r
                0x0000000008008c88       0x50 /home/roser/st/stm32cubeide_1.5.0/plugins/com.st.stm32cube.ide.mcu.externaltools.gnu-tools-for-stm32.9-2020-q2-update.linux64_1.5.0.202011040924/tools/bin/../lib/gcc/arm-none-eabi/9.3.1/../../../../arm-none-eabi/lib/thumb/v7-m/nofp/libc_nano.a(lib_a-signal.o)
                0x0000000008008c88                _raise_r
 .text.raise    0x0000000008008cd8       0x10 /home/roser/st/stm32cubeide_1.5.0/plugins/com.st.stm32cube.ide.mcu.externaltools.gnu-tools-for-stm32.9-2020-q2-update.linux64_1.5.0.202011040924/tools/bin/../lib/gcc/arm-none-eabi/9.3.1/../../../../arm-none-eabi/lib/thumb/v7-m/nofp/libc_nano.a(lib_a-signal.o)
                0x0000000008008cd8                raise
 .text._kill_r  0x0000000008008ce8       0x24 /home/roser/st/stm32cubeide_1.5.0/plugins/com.st.stm32cube.ide.mcu.externaltools.gnu-tools-for-stm32.9-2020-q2-update.linux64_1.5.0.202011040924/tools/bin/../lib/gcc/arm-none-eabi/9.3.1/../../../../arm-none-eabi/lib/thumb/v7-m/nofp/libc_nano.a(lib_a-signalr.o)
                0x0000000008008ce8                _kill_r
 .text._getpid_r
                0x0000000008008d0c        0x4 /home/roser/st/stm32cubeide_1.5.0/plugins/com.st.stm32cube.ide.mcu.externaltools.gnu-tools-for-stm32.9-2020-q2-update.linux64_1.5.0.202011040924/tools/bin/../lib/gcc/arm-none-eabi/9.3.1/../../../../arm-none-eabi/lib/thumb/v7-m/nofp/libc_nano.a(lib_a-signalr.o)
                0x0000000008008d0c                _getpid_r
 .text._malloc_r
                0x0000000008008d10       0xb4 /home/roser/st/stm32cubeide_1.5.0/plugins/com.st.stm32cube.ide.mcu.externaltools.gnu-tools-for-stm32.9-2020-q2-update.linux64_1.5.0.202011040924/tools/bin/../lib/gcc/arm-none-eabi/9.3.1/../../../../arm-none-eabi/lib/thumb/v7-m/nofp/libc_nano.a(lib_a-nano-mallocr.o)
                0x0000000008008d10                _malloc_r
 .text._realloc_r
                0x0000000008008dc4       0x4c /home/roser/st/stm32cubeide_1.5.0/plugins/com.st.stm32cube.ide.mcu.externaltools.gnu-tools-for-stm32.9-2020-q2-update.linux64_1.5.0.202011040924/tools/bin/../lib/gcc/arm-none-eabi/9.3.1/../../../../arm-none-eabi/lib/thumb/v7-m/nofp/libc_nano.a(lib_a-nano-reallocr.o)
                0x0000000008008dc4                _realloc_r
 .text._sbrk_r  0x0000000008008e10       0x20 /home/roser/st/stm32cubeide_1.5.0/plugins/com.st.stm32cube.ide.mcu.externaltools.gnu-tools-for-stm32.9-2020-q2-update.linux64_1.5.0.202011040924/tools/bin/../lib/gcc/arm-none-eabi/9.3.1/../../../../arm-none-eabi/lib/thumb/v7-m/nofp/libc_nano.a(lib_a-sbrkr.o)
                0x0000000008008e10                _sbrk_r
 .text.__malloc_lock
                0x0000000008008e30        0xc /home/roser/st/stm32cubeide_1.5.0/plugins/com.st.stm32cube.ide.mcu.externaltools.gnu-tools-for-stm32.9-2020-q2-update.linux64_1.5.0.202011040924/tools/bin/../lib/gcc/arm-none-eabi/9.3.1/../../../../arm-none-eabi/lib/thumb/v7-m/nofp/libc_nano.a(lib_a-mlock.o)
                0x0000000008008e30                __malloc_lock
 .text.__malloc_unlock
                0x0000000008008e3c        0xc /home/roser/st/stm32cubeide_1.5.0/plugins/com.st.stm32cube.ide.mcu.externaltools.gnu-tools-for-stm32.9-2020-q2-update.linux64_1.5.0.202011040924/tools/bin/../lib/gcc/arm-none-eabi/9.3.1/../../../../arm-none-eabi/lib/thumb/v7-m/nofp/libc_nano.a(lib_a-mlock.o)
                0x0000000008008e3c                __malloc_unlock
 .text._free_r  0x0000000008008e48       0x98 /home/roser/st/stm32cubeide_1.5.0/plugins/com.st.stm32cube.ide.mcu.externaltools.gnu-tools-for-stm32.9-2020-q2-update.linux64_1.5.0.202011040924/tools/bin/../lib/gcc/arm-none-eabi/9.3.1/../../../../arm-none-eabi/lib/thumb/v7-m/nofp/libc_nano.a(lib_a-nano-freer.o)
                0x0000000008008e48                _free_r
 .text._malloc_usable_size_r
                0x0000000008008ee0       0x10 /home/roser/st/stm32cubeide_1.5.0/plugins/com.st.stm32cube.ide.mcu.externaltools.gnu-tools-for-stm32.9-2020-q2-update.linux64_1.5.0.202011040924/tools/bin/../lib/gcc/arm-none-eabi/9.3.1/../../../../arm-none-eabi/lib/thumb/v7-m/nofp/libc_nano.a(lib_a-nano-msizer.o)
                0x0000000008008ee0                _malloc_usable_size_r
 .text.__retarget_lock_acquire_recursive
                0x0000000008008ef0        0x2 /home/roser/st/stm32cubeide_1.5.0/plugins/com.st.stm32cube.ide.mcu.externaltools.gnu-tools-for-stm32.9-2020-q2-update.linux64_1.5.0.202011040924/tools/bin/../lib/gcc/arm-none-eabi/9.3.1/../../../../arm-none-eabi/lib/thumb/v7-m/nofp/libc_nano.a(lib_a-lock.o)
                0x0000000008008ef0                __retarget_lock_acquire_recursive
 .text.__retarget_lock_release_recursive
                0x0000000008008ef2        0x2 /home/roser/st/stm32cubeide_1.5.0/plugins/com.st.stm32cube.ide.mcu.externaltools.gnu-tools-for-stm32.9-2020-q2-update.linux64_1.5.0.202011040924/tools/bin/../lib/gcc/arm-none-eabi/9.3.1/../../../../arm-none-eabi/lib/thumb/v7-m/nofp/libc_nano.a(lib_a-lock.o)
                0x0000000008008ef2                __retarget_lock_release_recursive
 *(.glue_7)
 .glue_7        0x0000000008008ef4        0x0 linker stubs
 *(.glue_7t)
 .glue_7t       0x0000000008008ef4        0x0 linker stubs
 *(.eh_frame)
 .eh_frame      0x0000000008008ef4        0x0 /home/roser/st/stm32cubeide_1.5.0/plugins/com.st.stm32cube.ide.mcu.externaltools.gnu-tools-for-stm32.9-2020-q2-update.linux64_1.5.0.202011040924/tools/bin/../lib/gcc/arm-none-eabi/9.3.1/thumb/v7-m/nofp/crtbegin.o
 *(.init)
 .init          0x0000000008008ef4        0x4 /home/roser/st/stm32cubeide_1.5.0/plugins/com.st.stm32cube.ide.mcu.externaltools.gnu-tools-for-stm32.9-2020-q2-update.linux64_1.5.0.202011040924/tools/bin/../lib/gcc/arm-none-eabi/9.3.1/thumb/v7-m/nofp/crti.o
                0x0000000008008ef4                _init
 .init          0x0000000008008ef8        0x8 /home/roser/st/stm32cubeide_1.5.0/plugins/com.st.stm32cube.ide.mcu.externaltools.gnu-tools-for-stm32.9-2020-q2-update.linux64_1.5.0.202011040924/tools/bin/../lib/gcc/arm-none-eabi/9.3.1/thumb/v7-m/nofp/crtn.o
 *(.fini)
 .fini          0x0000000008008f00        0x4 /home/roser/st/stm32cubeide_1.5.0/plugins/com.st.stm32cube.ide.mcu.externaltools.gnu-tools-for-stm32.9-2020-q2-update.linux64_1.5.0.202011040924/tools/bin/../lib/gcc/arm-none-eabi/9.3.1/thumb/v7-m/nofp/crti.o
                0x0000000008008f00                _fini
 .fini          0x0000000008008f04        0x8 /home/roser/st/stm32cubeide_1.5.0/plugins/com.st.stm32cube.ide.mcu.externaltools.gnu-tools-for-stm32.9-2020-q2-update.linux64_1.5.0.202011040924/tools/bin/../lib/gcc/arm-none-eabi/9.3.1/thumb/v7-m/nofp/crtn.o
                0x0000000008008f0c                . = ALIGN (0x4)
                0x0000000008008f0c                _etext = .

.vfp11_veneer   0x0000000008008f0c        0x0
 .vfp11_veneer  0x0000000008008f0c        0x0 linker stubs

.v4_bx          0x0000000008008f0c        0x0
 .v4_bx         0x0000000008008f0c        0x0 linker stubs

.iplt           0x0000000008008f0c        0x0
 .iplt          0x0000000008008f0c        0x0 /home/roser/st/stm32cubeide_1.5.0/plugins/com.st.stm32cube.ide.mcu.externaltools.gnu-tools-for-stm32.9-2020-q2-update.linux64_1.5.0.202011040924/tools/bin/../lib/gcc/arm-none-eabi/9.3.1/thumb/v7-m/nofp/crtbegin.o

.rodata         0x0000000008008f0c      0x4d4
                0x0000000008008f0c                . = ALIGN (0x4)
 *(.rodata)
 .rodata        0x0000000008008f0c      0x27d Core/Src/main.o
 *fill*         0x0000000008009189        0x3 
 .rodata        0x000000000800918c       0x10 Drivers/STM32F1xx_HAL_Driver/Src/stm32f1xx_hal_rcc.o
 .rodata        0x000000000800919c       0x10 Drivers/STM32F1xx_HAL_Driver/Src/stm32f1xx_hal_rcc_ex.o
 *(.rodata*)
 .rodata._ZN14rosserial_msgsL12REQUESTPARAME
                0x00000000080091ac       0x1c Core/Src/main.o
 .rodata._ZTVN3ros10SubscriberIN11sensor_msgs10JointStateEvEE
                0x00000000080091c8       0x18 Core/Src/main.o
                0x00000000080091c8                vtable for ros::Subscriber<sensor_msgs::JointState, void>
 .rodata._ZTVN3ros10SubscriberIN8std_msgs7Float32EvEE
                0x00000000080091e0       0x18 Core/Src/main.o
                0x00000000080091e0                vtable for ros::Subscriber<std_msgs::Float32, void>
 .rodata._ZTVN3ros11NodeHandle_I13STM32HardwareLi25ELi25ELi2048ELi2048EEE
                0x00000000080091f8       0x14 Core/Src/main.o
                0x00000000080091f8                vtable for ros::NodeHandle_<STM32Hardware, 25, 25, 2048, 2048>
 .rodata._ZTVN11sensor_msgs10JointStateE
                0x000000000800920c       0x18 Core/Src/main.o
                0x000000000800920c                vtable for sensor_msgs::JointState
 .rodata._ZTVN8std_msgs6HeaderE
                0x0000000008009224       0x18 Core/Src/main.o
                0x0000000008009224                vtable for std_msgs::Header
 .rodata._ZTVN8std_msgs5Int32E
                0x000000000800923c       0x18 Core/Src/main.o
                0x000000000800923c                vtable for std_msgs::Int32
 .rodata._ZTVN8std_msgs7Float32E
                0x0000000008009254       0x18 Core/Src/main.o
                0x0000000008009254                vtable for std_msgs::Float32
 .rodata._ZTVN8std_msgs6StringE
                0x000000000800926c       0x18 Core/Src/main.o
                0x000000000800926c                vtable for std_msgs::String
 .rodata._ZTVN3ros11Subscriber_E
                0x0000000008009284       0x18 Core/Src/main.o
                0x0000000008009284                vtable for ros::Subscriber_
 .rodata._ZTVN3ros15NodeHandleBase_E
                0x000000000800929c       0x14 Core/Src/main.o
                0x000000000800929c                vtable for ros::NodeHandleBase_
 .rodata._ZTVN14rosserial_msgs20RequestParamResponseE
                0x00000000080092b0       0x18 Core/Src/main.o
                0x00000000080092b0                vtable for rosserial_msgs::RequestParamResponse
 .rodata._ZTVN14rosserial_msgs3LogE
                0x00000000080092c8       0x18 Core/Src/main.o
                0x00000000080092c8                vtable for rosserial_msgs::Log
 .rodata._ZTVN14rosserial_msgs9TopicInfoE
                0x00000000080092e0       0x18 Core/Src/main.o
                0x00000000080092e0                vtable for rosserial_msgs::TopicInfo
 .rodata._ZTVN8std_msgs4TimeE
                0x00000000080092f8       0x18 Core/Src/main.o
                0x00000000080092f8                vtable for std_msgs::Time
 .rodata._ZTVN3ros3MsgE
                0x0000000008009310       0x18 Core/Src/main.o
                0x0000000008009310                vtable for ros::Msg
 .rodata.AHBPrescTable
                0x0000000008009328       0x10 Core/Src/system_stm32f1xx.o
                0x0000000008009328                AHBPrescTable
 .rodata.APBPrescTable
                0x0000000008009338        0x8 Core/Src/system_stm32f1xx.o
                0x0000000008009338                APBPrescTable
 .rodata.SERVO_CfgParam
                0x0000000008009340       0xa0 mylibs/SERVO/SERVO_cfg.o
                0x0000000008009340                SERVO_CfgParam
                0x00000000080093e0                . = ALIGN (0x4)

.rel.dyn        0x00000000080093e0        0x0
 .rel.iplt      0x00000000080093e0        0x0 /home/roser/st/stm32cubeide_1.5.0/plugins/com.st.stm32cube.ide.mcu.externaltools.gnu-tools-for-stm32.9-2020-q2-update.linux64_1.5.0.202011040924/tools/bin/../lib/gcc/arm-none-eabi/9.3.1/thumb/v7-m/nofp/crtbegin.o

.ARM.extab      0x00000000080093e0        0x0
                0x00000000080093e0                . = ALIGN (0x4)
 *(.ARM.extab* .gnu.linkonce.armextab.*)
                0x00000000080093e0                . = ALIGN (0x4)

.ARM            0x00000000080093e0        0x0
                0x00000000080093e0                . = ALIGN (0x4)
                0x00000000080093e0                __exidx_start = .
 *(.ARM.exidx*)
                0x00000000080093e0                __exidx_end = .
                0x00000000080093e0                . = ALIGN (0x4)

.preinit_array  0x00000000080093e0        0x0
                0x00000000080093e0                . = ALIGN (0x4)
                0x00000000080093e0                PROVIDE (__preinit_array_start = .)
 *(.preinit_array*)
                0x00000000080093e0                PROVIDE (__preinit_array_end = .)
                0x00000000080093e0                . = ALIGN (0x4)

.init_array     0x00000000080093e0        0x8
                0x00000000080093e0                . = ALIGN (0x4)
                0x00000000080093e0                PROVIDE (__init_array_start = .)
 *(SORT_BY_NAME(.init_array.*))
 *(.init_array*)
 .init_array    0x00000000080093e0        0x4 /home/roser/st/stm32cubeide_1.5.0/plugins/com.st.stm32cube.ide.mcu.externaltools.gnu-tools-for-stm32.9-2020-q2-update.linux64_1.5.0.202011040924/tools/bin/../lib/gcc/arm-none-eabi/9.3.1/thumb/v7-m/nofp/crtbegin.o
 .init_array    0x00000000080093e4        0x4 Core/Src/main.o
                0x00000000080093e8                PROVIDE (__init_array_end = .)
                0x00000000080093e8                . = ALIGN (0x4)

.fini_array     0x00000000080093e8        0x4
                0x00000000080093e8                . = ALIGN (0x4)
                [!provide]                        PROVIDE (__fini_array_start = .)
 *(SORT_BY_NAME(.fini_array.*))
 *(.fini_array*)
 .fini_array    0x00000000080093e8        0x4 /home/roser/st/stm32cubeide_1.5.0/plugins/com.st.stm32cube.ide.mcu.externaltools.gnu-tools-for-stm32.9-2020-q2-update.linux64_1.5.0.202011040924/tools/bin/../lib/gcc/arm-none-eabi/9.3.1/thumb/v7-m/nofp/crtbegin.o
                [!provide]                        PROVIDE (__fini_array_end = .)
                0x00000000080093ec                . = ALIGN (0x4)
                0x00000000080093ec                _sidata = LOADADDR (.data)

.data           0x0000000020000000       0x78 load address 0x00000000080093ec
                0x0000000020000000                . = ALIGN (0x4)
                0x0000000020000000                _sdata = .
 *(.data)
 *(.data*)
 .data.MODE     0x0000000020000000        0x1 Core/Src/main.o
                0x0000000020000000                MODE
 *fill*         0x0000000020000001        0x3 
 .data.SystemCoreClock
                0x0000000020000004        0x4 Core/Src/system_stm32f1xx.o
                0x0000000020000004                SystemCoreClock
 .data.uwTickPrio
                0x0000000020000008        0x4 Drivers/STM32F1xx_HAL_Driver/Src/stm32f1xx_hal.o
                0x0000000020000008                uwTickPrio
 .data.uwTickFreq
                0x000000002000000c        0x1 Drivers/STM32F1xx_HAL_Driver/Src/stm32f1xx_hal.o
                0x000000002000000c                uwTickFreq
 *fill*         0x000000002000000d        0x3 
 .data._ZN10__cxxabiv119__terminate_handlerE
                0x0000000020000010        0x4 /home/roser/st/stm32cubeide_1.5.0/plugins/com.st.stm32cube.ide.mcu.externaltools.gnu-tools-for-stm32.9-2020-q2-update.linux64_1.5.0.202011040924/tools/bin/../lib/gcc/arm-none-eabi/9.3.1/../../../../arm-none-eabi/lib/thumb/v7-m/nofp/libstdc++_nano.a(eh_term_handler.o)
                0x0000000020000010                __cxxabiv1::__terminate_handler
 .data._impure_ptr
                0x0000000020000014        0x4 /home/roser/st/stm32cubeide_1.5.0/plugins/com.st.stm32cube.ide.mcu.externaltools.gnu-tools-for-stm32.9-2020-q2-update.linux64_1.5.0.202011040924/tools/bin/../lib/gcc/arm-none-eabi/9.3.1/../../../../arm-none-eabi/lib/thumb/v7-m/nofp/libc_nano.a(lib_a-impure.o)
                0x0000000020000014                _impure_ptr
 .data.impure_data
                0x0000000020000018       0x60 /home/roser/st/stm32cubeide_1.5.0/plugins/com.st.stm32cube.ide.mcu.externaltools.gnu-tools-for-stm32.9-2020-q2-update.linux64_1.5.0.202011040924/tools/bin/../lib/gcc/arm-none-eabi/9.3.1/../../../../arm-none-eabi/lib/thumb/v7-m/nofp/libc_nano.a(lib_a-impure.o)
 *(.RamFunc)
 *(.RamFunc*)
                0x0000000020000078                . = ALIGN (0x4)
                0x0000000020000078                _edata = .

.igot.plt       0x0000000020000078        0x0 load address 0x0000000008009464
 .igot.plt      0x0000000020000078        0x0 /home/roser/st/stm32cubeide_1.5.0/plugins/com.st.stm32cube.ide.mcu.externaltools.gnu-tools-for-stm32.9-2020-q2-update.linux64_1.5.0.202011040924/tools/bin/../lib/gcc/arm-none-eabi/9.3.1/thumb/v7-m/nofp/crtbegin.o
                0x0000000020000078                . = ALIGN (0x4)

.bss            0x0000000020000078     0x23d8 load address 0x0000000008009464
                0x0000000020000078                _sbss = .
                0x0000000020000078                __bss_start__ = _sbss
 *(.bss)
 .bss           0x0000000020000078       0x1c /home/roser/st/stm32cubeide_1.5.0/plugins/com.st.stm32cube.ide.mcu.externaltools.gnu-tools-for-stm32.9-2020-q2-update.linux64_1.5.0.202011040924/tools/bin/../lib/gcc/arm-none-eabi/9.3.1/thumb/v7-m/nofp/crtbegin.o
 *(.bss*)
 .bss.serial    0x0000000020000094     0x100c Core/Src/main.o
                0x0000000020000094                serial
 .bss.BTN_State
                0x00000000200010a0        0x1 Core/Src/main.o
                0x00000000200010a0                BTN_State
 *fill*         0x00000000200010a1        0x3 
 .bss.htim1     0x00000000200010a4       0x48 Core/Src/main.o
                0x00000000200010a4                htim1
 .bss.huart1    0x00000000200010ec       0x40 Core/Src/main.o
                0x00000000200010ec                huart1
 .bss.hdma_usart1_rx
                0x000000002000112c       0x44 Core/Src/main.o
                0x000000002000112c                hdma_usart1_rx
 .bss.hdma_usart1_tx
                0x0000000020001170       0x44 Core/Src/main.o
                0x0000000020001170                hdma_usart1_tx
 .bss.nh        0x00000000200011b4     0x1130 Core/Src/main.o
                0x00000000200011b4                nh
 .bss.str_msg   0x00000000200022e4        0x8 Core/Src/main.o
                0x00000000200022e4                str_msg
 .bss.int_msg   0x00000000200022ec        0x8 Core/Src/main.o
                0x00000000200022ec                int_msg
 .bss.flt_msg   0x00000000200022f4        0x8 Core/Src/main.o
                0x00000000200022f4                flt_msg
 .bss.chatter   0x00000000200022fc       0x14 Core/Src/main.o
                0x00000000200022fc                chatter
 .bss.servoTelemetry
                0x0000000020002310       0x14 Core/Src/main.o
                0x0000000020002310                servoTelemetry
 .bss.translatorTelemetry
                0x0000000020002324       0x14 Core/Src/main.o
                0x0000000020002324                translatorTelemetry
 .bss.sub       0x0000000020002338       0x1c Core/Src/main.o
                0x0000000020002338                sub
 *fill*         0x0000000020002354        0x4 
 .bss.joint     0x0000000020002358       0x70 Core/Src/main.o
                0x0000000020002358                joint
 .bss.__sbrk_heap_end
                0x00000000200023c8        0x4 Core/Src/sysmem.o
 .bss.hadc      0x00000000200023cc       0x30 mylibs/JOYSTICK/JOYSTICK.o
 .bss.sConfig   0x00000000200023fc        0xc mylibs/JOYSTICK/JOYSTICK.o
 .bss.calibrated
                0x0000000020002408        0x1 mylibs/JOYSTICK/JOYSTICK.o
 *fill*         0x0000000020002409        0x3 
 .bss.gs_SERVO_info
                0x000000002000240c       0x14 mylibs/SERVO/SERVO.o
 .bss.Filters_Buffer
                0x0000000020002420        0x9 mylibs/util/button.o
                0x0000000020002420                Filters_Buffer
 *fill*         0x0000000020002429        0x3 
 .bss.Filter_Instance
                0x000000002000242c        0x8 mylibs/util/button.o
                0x000000002000242c                Filter_Instance
 .bss.__malloc_free_list
                0x0000000020002434        0x4 /home/roser/st/stm32cubeide_1.5.0/plugins/com.st.stm32cube.ide.mcu.externaltools.gnu-tools-for-stm32.9-2020-q2-update.linux64_1.5.0.202011040924/tools/bin/../lib/gcc/arm-none-eabi/9.3.1/../../../../arm-none-eabi/lib/thumb/v7-m/nofp/libc_nano.a(lib_a-nano-mallocr.o)
                0x0000000020002434                __malloc_free_list
 .bss.__malloc_sbrk_start
                0x0000000020002438        0x4 /home/roser/st/stm32cubeide_1.5.0/plugins/com.st.stm32cube.ide.mcu.externaltools.gnu-tools-for-stm32.9-2020-q2-update.linux64_1.5.0.202011040924/tools/bin/../lib/gcc/arm-none-eabi/9.3.1/../../../../arm-none-eabi/lib/thumb/v7-m/nofp/libc_nano.a(lib_a-nano-mallocr.o)
                0x0000000020002438                __malloc_sbrk_start
 *(COMMON)
 COMMON         0x000000002000243c        0x4 Drivers/STM32F1xx_HAL_Driver/Src/stm32f1xx_hal.o
                0x000000002000243c                uwTick
 COMMON         0x0000000020002440        0x4 /home/roser/st/stm32cubeide_1.5.0/plugins/com.st.stm32cube.ide.mcu.externaltools.gnu-tools-for-stm32.9-2020-q2-update.linux64_1.5.0.202011040924/tools/bin/../lib/gcc/arm-none-eabi/9.3.1/../../../../arm-none-eabi/lib/thumb/v7-m/nofp/libc_nano.a(lib_a-reent.o)
                0x0000000020002440                errno
 COMMON         0x0000000020002444        0x9 /home/roser/st/stm32cubeide_1.5.0/plugins/com.st.stm32cube.ide.mcu.externaltools.gnu-tools-for-stm32.9-2020-q2-update.linux64_1.5.0.202011040924/tools/bin/../lib/gcc/arm-none-eabi/9.3.1/../../../../arm-none-eabi/lib/thumb/v7-m/nofp/libc_nano.a(lib_a-lock.o)
                0x0000000020002444                __lock___atexit_recursive_mutex
                0x0000000020002445                __lock___arc4random_mutex
                0x0000000020002446                __lock___env_recursive_mutex
                0x0000000020002447                __lock___sinit_recursive_mutex
                0x0000000020002448                __lock___malloc_recursive_mutex
                0x0000000020002449                __lock___at_quick_exit_mutex
                0x000000002000244a                __lock___dd_hash_mutex
                0x000000002000244b                __lock___tz_mutex
                0x000000002000244c                __lock___sfp_recursive_mutex
                0x0000000020002450                . = ALIGN (0x4)
 *fill*         0x000000002000244d        0x3 
                0x0000000020002450                _ebss = .
                0x0000000020002450                __bss_end__ = _ebss

._user_heap_stack
                0x0000000020002450      0x600 load address 0x0000000008009464
                0x0000000020002450                . = ALIGN (0x8)
                [!provide]                        PROVIDE (end = .)
                0x0000000020002450                PROVIDE (_end = .)
                0x0000000020002650                . = (. + _Min_Heap_Size)
 *fill*         0x0000000020002450      0x200 
                0x0000000020002a50                . = (. + _Min_Stack_Size)
 *fill*         0x0000000020002650      0x400 
                0x0000000020002a50                . = ALIGN (0x8)

/DISCARD/
 libc.a(*)
 libm.a(*)
 libgcc.a(*)

.ARM.attributes
                0x0000000000000000       0x29
 *(.ARM.attributes)
 .ARM.attributes
                0x0000000000000000       0x1d /home/roser/st/stm32cubeide_1.5.0/plugins/com.st.stm32cube.ide.mcu.externaltools.gnu-tools-for-stm32.9-2020-q2-update.linux64_1.5.0.202011040924/tools/bin/../lib/gcc/arm-none-eabi/9.3.1/thumb/v7-m/nofp/crti.o
 .ARM.attributes
                0x000000000000001d       0x2d /home/roser/st/stm32cubeide_1.5.0/plugins/com.st.stm32cube.ide.mcu.externaltools.gnu-tools-for-stm32.9-2020-q2-update.linux64_1.5.0.202011040924/tools/bin/../lib/gcc/arm-none-eabi/9.3.1/thumb/v7-m/nofp/crtbegin.o
 .ARM.attributes
                0x000000000000004a       0x2d Core/Src/main.o
 .ARM.attributes
                0x0000000000000077       0x2d Core/Src/stm32f1xx_hal_msp.o
 .ARM.attributes
                0x00000000000000a4       0x2d Core/Src/stm32f1xx_it.o
 .ARM.attributes
                0x00000000000000d1       0x2d Core/Src/syscalls.o
 .ARM.attributes
                0x00000000000000fe       0x2d Core/Src/sysmem.o
 .ARM.attributes
                0x000000000000012b       0x2d Core/Src/system_stm32f1xx.o
 .ARM.attributes
                0x0000000000000158       0x21 Core/Startup/startup_stm32f103c8tx.o
 .ARM.attributes
                0x0000000000000179       0x2d Drivers/STM32F1xx_HAL_Driver/Src/stm32f1xx_hal.o
 .ARM.attributes
                0x00000000000001a6       0x2d Drivers/STM32F1xx_HAL_Driver/Src/stm32f1xx_hal_adc.o
 .ARM.attributes
                0x00000000000001d3       0x2d Drivers/STM32F1xx_HAL_Driver/Src/stm32f1xx_hal_adc_ex.o
 .ARM.attributes
                0x0000000000000200       0x2d Drivers/STM32F1xx_HAL_Driver/Src/stm32f1xx_hal_cortex.o
 .ARM.attributes
                0x000000000000022d       0x2d Drivers/STM32F1xx_HAL_Driver/Src/stm32f1xx_hal_dma.o
 .ARM.attributes
                0x000000000000025a       0x2d Drivers/STM32F1xx_HAL_Driver/Src/stm32f1xx_hal_gpio.o
 .ARM.attributes
                0x0000000000000287       0x2d Drivers/STM32F1xx_HAL_Driver/Src/stm32f1xx_hal_rcc.o
 .ARM.attributes
                0x00000000000002b4       0x2d Drivers/STM32F1xx_HAL_Driver/Src/stm32f1xx_hal_rcc_ex.o
 .ARM.attributes
                0x00000000000002e1       0x2d Drivers/STM32F1xx_HAL_Driver/Src/stm32f1xx_hal_tim.o
 .ARM.attributes
                0x000000000000030e       0x2d Drivers/STM32F1xx_HAL_Driver/Src/stm32f1xx_hal_tim_ex.o
 .ARM.attributes
                0x000000000000033b       0x2d Drivers/STM32F1xx_HAL_Driver/Src/stm32f1xx_hal_uart.o
 .ARM.attributes
                0x0000000000000368       0x2d mylibs/JOYSTICK/JOYSTICK.o
 .ARM.attributes
                0x0000000000000395       0x2d mylibs/SERVO/SERVO.o
 .ARM.attributes
                0x00000000000003c2       0x33 mylibs/SERVO/SERVO_cfg.o
 .ARM.attributes
                0x00000000000003f5       0x2d mylibs/util/DWT_Delay.o
 .ARM.attributes
                0x0000000000000422       0x2d mylibs/util/button.o
 .ARM.attributes
                0x000000000000044f       0x2d mylibs/util/filter.o
 .ARM.attributes
                0x000000000000047c       0x2d /home/roser/st/stm32cubeide_1.5.0/plugins/com.st.stm32cube.ide.mcu.externaltools.gnu-tools-for-stm32.9-2020-q2-update.linux64_1.5.0.202011040924/tools/bin/../lib/gcc/arm-none-eabi/9.3.1/../../../../arm-none-eabi/lib/thumb/v7-m/nofp/libstdc++_nano.a(pure.o)
 .ARM.attributes
                0x00000000000004a9       0x2d /home/roser/st/stm32cubeide_1.5.0/plugins/com.st.stm32cube.ide.mcu.externaltools.gnu-tools-for-stm32.9-2020-q2-update.linux64_1.5.0.202011040924/tools/bin/../lib/gcc/arm-none-eabi/9.3.1/../../../../arm-none-eabi/lib/thumb/v7-m/nofp/libstdc++_nano.a(eh_terminate.o)
 .ARM.attributes
                0x00000000000004d6       0x2d /home/roser/st/stm32cubeide_1.5.0/plugins/com.st.stm32cube.ide.mcu.externaltools.gnu-tools-for-stm32.9-2020-q2-update.linux64_1.5.0.202011040924/tools/bin/../lib/gcc/arm-none-eabi/9.3.1/../../../../arm-none-eabi/lib/thumb/v7-m/nofp/libstdc++_nano.a(eh_term_handler.o)
 .ARM.attributes
                0x0000000000000503       0x2d /home/roser/st/stm32cubeide_1.5.0/plugins/com.st.stm32cube.ide.mcu.externaltools.gnu-tools-for-stm32.9-2020-q2-update.linux64_1.5.0.202011040924/tools/bin/../lib/gcc/arm-none-eabi/9.3.1/../../../../arm-none-eabi/lib/thumb/v7-m/nofp/libc_nano.a(lib_a-abort.o)
 .ARM.attributes
                0x0000000000000530       0x2d /home/roser/st/stm32cubeide_1.5.0/plugins/com.st.stm32cube.ide.mcu.externaltools.gnu-tools-for-stm32.9-2020-q2-update.linux64_1.5.0.202011040924/tools/bin/../lib/gcc/arm-none-eabi/9.3.1/../../../../arm-none-eabi/lib/thumb/v7-m/nofp/libc_nano.a(lib_a-errno.o)
 .ARM.attributes
                0x000000000000055d       0x2d /home/roser/st/stm32cubeide_1.5.0/plugins/com.st.stm32cube.ide.mcu.externaltools.gnu-tools-for-stm32.9-2020-q2-update.linux64_1.5.0.202011040924/tools/bin/../lib/gcc/arm-none-eabi/9.3.1/../../../../arm-none-eabi/lib/thumb/v7-m/nofp/libc_nano.a(lib_a-impure.o)
 .ARM.attributes
                0x000000000000058a       0x2d /home/roser/st/stm32cubeide_1.5.0/plugins/com.st.stm32cube.ide.mcu.externaltools.gnu-tools-for-stm32.9-2020-q2-update.linux64_1.5.0.202011040924/tools/bin/../lib/gcc/arm-none-eabi/9.3.1/../../../../arm-none-eabi/lib/thumb/v7-m/nofp/libc_nano.a(lib_a-init.o)
 .ARM.attributes
                0x00000000000005b7       0x2d /home/roser/st/stm32cubeide_1.5.0/plugins/com.st.stm32cube.ide.mcu.externaltools.gnu-tools-for-stm32.9-2020-q2-update.linux64_1.5.0.202011040924/tools/bin/../lib/gcc/arm-none-eabi/9.3.1/../../../../arm-none-eabi/lib/thumb/v7-m/nofp/libc_nano.a(lib_a-memcpy-stub.o)
 .ARM.attributes
                0x00000000000005e4       0x2d /home/roser/st/stm32cubeide_1.5.0/plugins/com.st.stm32cube.ide.mcu.externaltools.gnu-tools-for-stm32.9-2020-q2-update.linux64_1.5.0.202011040924/tools/bin/../lib/gcc/arm-none-eabi/9.3.1/../../../../arm-none-eabi/lib/thumb/v7-m/nofp/libc_nano.a(lib_a-memset.o)
 .ARM.attributes
                0x0000000000000611       0x2d /home/roser/st/stm32cubeide_1.5.0/plugins/com.st.stm32cube.ide.mcu.externaltools.gnu-tools-for-stm32.9-2020-q2-update.linux64_1.5.0.202011040924/tools/bin/../lib/gcc/arm-none-eabi/9.3.1/../../../../arm-none-eabi/lib/thumb/v7-m/nofp/libc_nano.a(lib_a-realloc.o)
 .ARM.attributes
                0x000000000000063e       0x2d /home/roser/st/stm32cubeide_1.5.0/plugins/com.st.stm32cube.ide.mcu.externaltools.gnu-tools-for-stm32.9-2020-q2-update.linux64_1.5.0.202011040924/tools/bin/../lib/gcc/arm-none-eabi/9.3.1/../../../../arm-none-eabi/lib/thumb/v7-m/nofp/libc_nano.a(lib_a-signal.o)
 .ARM.attributes
                0x000000000000066b       0x2d /home/roser/st/stm32cubeide_1.5.0/plugins/com.st.stm32cube.ide.mcu.externaltools.gnu-tools-for-stm32.9-2020-q2-update.linux64_1.5.0.202011040924/tools/bin/../lib/gcc/arm-none-eabi/9.3.1/../../../../arm-none-eabi/lib/thumb/v7-m/nofp/libc_nano.a(lib_a-signalr.o)
 .ARM.attributes
                0x0000000000000698       0x17 /home/roser/st/stm32cubeide_1.5.0/plugins/com.st.stm32cube.ide.mcu.externaltools.gnu-tools-for-stm32.9-2020-q2-update.linux64_1.5.0.202011040924/tools/bin/../lib/gcc/arm-none-eabi/9.3.1/../../../../arm-none-eabi/lib/thumb/v7-m/nofp/libc_nano.a(lib_a-strlen.o)
 .ARM.attributes
                0x00000000000006af       0x2d /home/roser/st/stm32cubeide_1.5.0/plugins/com.st.stm32cube.ide.mcu.externaltools.gnu-tools-for-stm32.9-2020-q2-update.linux64_1.5.0.202011040924/tools/bin/../lib/gcc/arm-none-eabi/9.3.1/../../../../arm-none-eabi/lib/thumb/v7-m/nofp/libc_nano.a(lib_a-nano-mallocr.o)
 .ARM.attributes
                0x00000000000006dc       0x2d /home/roser/st/stm32cubeide_1.5.0/plugins/com.st.stm32cube.ide.mcu.externaltools.gnu-tools-for-stm32.9-2020-q2-update.linux64_1.5.0.202011040924/tools/bin/../lib/gcc/arm-none-eabi/9.3.1/../../../../arm-none-eabi/lib/thumb/v7-m/nofp/libc_nano.a(lib_a-nano-reallocr.o)
 .ARM.attributes
                0x0000000000000709       0x2d /home/roser/st/stm32cubeide_1.5.0/plugins/com.st.stm32cube.ide.mcu.externaltools.gnu-tools-for-stm32.9-2020-q2-update.linux64_1.5.0.202011040924/tools/bin/../lib/gcc/arm-none-eabi/9.3.1/../../../../arm-none-eabi/lib/thumb/v7-m/nofp/libc_nano.a(lib_a-reent.o)
 .ARM.attributes
                0x0000000000000736       0x2d /home/roser/st/stm32cubeide_1.5.0/plugins/com.st.stm32cube.ide.mcu.externaltools.gnu-tools-for-stm32.9-2020-q2-update.linux64_1.5.0.202011040924/tools/bin/../lib/gcc/arm-none-eabi/9.3.1/../../../../arm-none-eabi/lib/thumb/v7-m/nofp/libc_nano.a(lib_a-sbrkr.o)