stm32f1xx_it.cpp:73:6:void NMI_Handler()	4	static
stm32f1xx_it.cpp:88:6:void HardFault_Handler()	4	static
stm32f1xx_it.cpp:103:6:void MemManage_Handler()	4	static
stm32f1xx_it.cpp:118:6:void BusFault_Handler()	4	static
stm32f1xx_it.cpp:133:6:void UsageFault_Handler()	4	static
stm32f1xx_it.cpp:148:6:void SVC_Handler()	4	static
stm32f1xx_it.cpp:161:6:void DebugMon_Handler()	4	static
stm32f1xx_it.cpp:174:6:void PendSV_Handler()	4	static
stm32f1xx_it.cpp:187:6:void SysTick_Handler()	8	static
stm32f1xx_it.cpp:205:6:void DMA1_Channel4_IRQHandler()	8	static
stm32f1xx_it.cpp:219:6:void DMA1_Channel5_IRQHandler()	8	static
stm32f1xx_it.cpp:233:6:void TIM1_TRG_COM_IRQHandler()	8	static
stm32f1xx_it.cpp:247:6:void USART1_IRQHandler()	8	static
